Component: Arm Compiler for Embedded 6.18 Tool: armlink [5e4cc100]

==============================================================================

Section Cross References

    main.o(.text.main) refers to bsp.o(.text.BSPInit) for BSPInit
    main.o(.text.main) refers to hal.o(.text.UART_Init) for UART_Init
    main.o(.text.main) refers to system_tm4c123.o(.text.SystemCoreClockUpdate) for SystemCoreClockUpdate
    main.o(.text.main) refers to system_tm4c123.o(.data.SystemCoreClock) for SystemCoreClock
    main.o(.text.main) refers to irq.o(.text.IRQ_Init) for IRQ_Init
    main.o(.text.main) refers to noretval__2printf.o(.text) for __2printf
    main.o(.text.main) refers to main.o(.bss.secondsTick) for secondsTick
    main.o(.text.main) refers to main.o(.bss.Interrupt) for Interrupt
    main.o(.text.main) refers to main.o(.bss.g_bSW1) for g_bSW1
    main.o(.text.main) refers to main.o(.bss.g_bSW2) for g_bSW2
    main.o(.text.main) refers to main.o(.data.dataStart) for dataStart
    main.o(.text.main) refers to main.o(.data.command) for command
    main.o(.text.main) refers to main.o(.data.commandType) for commandType
    main.o(.text.main) refers to main.o(.bss.Seconds) for Seconds
    main.o(.text.main) refers to main.o(.bss.sw1Pressed) for sw1Pressed
    main.o(.text.main) refers to main.o(.bss.g_bSystemTick) for g_bSystemTick
    main.o(.text.main) refers to hal.o(.text.read_ASCII_UART0) for read_ASCII_UART0
    main.o(.text.main) refers to main.o(.bss.g_UART_CharRx) for g_UART_CharRx
    main.o(.text.main) refers to main.o(.text.DisplayString) for DisplayString
    main.o(.text.main) refers to main.o(.bss.g_nBuzzer) for g_nBuzzer
    main.o(.text.main) refers to main.o(.bss.Minutes) for Minutes
    main.o(.text.main) refers to main.o(.bss.Hours) for Hours
    main.o(.text.main) refers to main.o(.data.toggleDot) for toggleDot
    main.o(.text.main) refers to main.o(.text.SetClock) for SetClock
    main.o(.text.main) refers to main.o(.data.dataSent) for dataSent
    main.o(.text.main) refers to main.o(.data.commandID) for commandID
    main.o(.text.main) refers to main.o(.bss.index) for index
    main.o(.text.main) refers to main.o(.data.commandCode) for commandCode
    main.o(.text.main) refers to main.o(.bss.address) for address
    main.o(.text.main) refers to main.o(.bss.i) for i
    main.o(.text.main) refers to main.o(.bss.Arr) for Arr
    main.o(.ARM.exidx.text.main) refers to main.o(.text.main) for [Anonymous Symbol]
    main.o(.text.DisplayString) refers to main.o(.bss.s_index) for s_index
    main.o(.text.DisplayString) refers to main.o(.bss.s) for s
    main.o(.text.DisplayString) refers to atoi.o(.text) for atoi
    main.o(.text.DisplayString) refers to noretval__2printf.o(.text) for __2printf
    main.o(.text.DisplayString) refers to hal.o(.text.write_ASCII_UART0) for write_ASCII_UART0
    main.o(.text.DisplayString) refers to main.o(.bss.Hours) for Hours
    main.o(.text.DisplayString) refers to main.o(.bss.Minutes) for Minutes
    main.o(.text.DisplayString) refers to main.o(.bss.Seconds) for Seconds
    main.o(.ARM.exidx.text.DisplayString) refers to main.o(.text.DisplayString) for [Anonymous Symbol]
    main.o(.text.SysTick_Handler) refers to main.o(.bss.g_bSystemTick) for g_bSystemTick
    main.o(.text.SysTick_Handler) refers to main.o(.bss.SysTick_Handler.nCount) for SysTick_Handler.nCount
    main.o(.text.SysTick_Handler) refers to main.o(.bss.secondsTick) for secondsTick
    main.o(.text.SysTick_Handler) refers to main.o(.bss.g_nBuzzer) for g_nBuzzer
    main.o(.text.SysTick_Handler) refers to main.o(.bss.g_nSW2) for g_nSW2
    main.o(.text.SysTick_Handler) refers to main.o(.bss.g_bSW2) for g_bSW2
    main.o(.ARM.exidx.text.SysTick_Handler) refers to main.o(.text.SysTick_Handler) for [Anonymous Symbol]
    main.o(.text.SetClock) refers to main.o(.bss.Arr) for Arr
    main.o(.text.SetClock) refers to main.o(.bss.index) for index
    main.o(.text.SetClock) refers to main.o(.data.commandID) for commandID
    main.o(.text.SetClock) refers to main.o(.data.commandType) for commandType
    main.o(.text.SetClock) refers to main.o(.data.dataStart) for dataStart
    main.o(.text.SetClock) refers to main.o(.data.dataSent) for dataSent
    main.o(.text.SetClock) refers to main.o(.bss.sw1Pressed) for sw1Pressed
    main.o(.text.SetClock) refers to main.o(.bss.Seconds) for Seconds
    main.o(.text.SetClock) refers to main.o(.data.m) for m
    main.o(.text.SetClock) refers to main.o(.bss.Hours) for Hours
    main.o(.text.SetClock) refers to main.o(.bss.Minutes) for Minutes
    main.o(.text.SetClock) refers to main.o(.data.toggleDot) for toggleDot
    main.o(.text.SetClock) refers to main.o(.data.commandCode) for commandCode
    main.o(.text.SetClock) refers to main.o(.bss.address) for address
    main.o(.text.SetClock) refers to main.o(.bss.i) for i
    main.o(.ARM.exidx.text.SetClock) refers to main.o(.text.SetClock) for [Anonymous Symbol]
    main.o(.text.GPIOF_Button_IRQHandler) refers to main.o(.bss.sw1Pressed) for sw1Pressed
    main.o(.text.GPIOF_Button_IRQHandler) refers to main.o(.bss.g_nSW2) for g_nSW2
    main.o(.ARM.exidx.text.GPIOF_Button_IRQHandler) refers to main.o(.text.GPIOF_Button_IRQHandler) for [Anonymous Symbol]
    main.o(.text.TIMER0A_IRQHandler) refers to main.o(.bss.Interrupt) for Interrupt
    main.o(.ARM.exidx.text.TIMER0A_IRQHandler) refers to main.o(.text.TIMER0A_IRQHandler) for [Anonymous Symbol]
    bsp.o(.text.BSPInit) refers to system_tm4c123.o(.text.SystemCoreClockUpdate) for SystemCoreClockUpdate
    bsp.o(.text.BSPInit) refers to hal.o(.text.Port_Init) for Port_Init
    bsp.o(.ARM.exidx.text.BSPInit) refers to bsp.o(.text.BSPInit) for [Anonymous Symbol]
    bsp.o(.text.HardFault_Handler) refers to bsp.o(.text.__NVIC_SystemReset) for __NVIC_SystemReset
    bsp.o(.ARM.exidx.text.HardFault_Handler) refers to bsp.o(.text.HardFault_Handler) for [Anonymous Symbol]
    bsp.o(.ARM.exidx.text.__NVIC_SystemReset) refers to bsp.o(.text.__NVIC_SystemReset) for [Anonymous Symbol]
    hal.o(.ARM.exidx.text.Port_Init) refers to hal.o(.text.Port_Init) for [Anonymous Symbol]
    hal.o(.ARM.exidx.text.UART_Init) refers to hal.o(.text.UART_Init) for [Anonymous Symbol]
    hal.o(.ARM.exidx.text.write_ASCII_UART0) refers to hal.o(.text.write_ASCII_UART0) for [Anonymous Symbol]
    hal.o(.ARM.exidx.text.read_ASCII_UART0) refers to hal.o(.text.read_ASCII_UART0) for [Anonymous Symbol]
    irq.o(.ARM.exidx.text.IRQ_Init) refers to irq.o(.text.IRQ_Init) for [Anonymous Symbol]
    irq.o(.text.TIMER0A_Handler) refers to main.o(.text.TIMER0A_IRQHandler) for TIMER0A_IRQHandler
    irq.o(.ARM.exidx.text.TIMER0A_Handler) refers to irq.o(.text.TIMER0A_Handler) for [Anonymous Symbol]
    irq.o(.text.GPIOF_Handler) refers to main.o(.text.GPIOF_Button_IRQHandler) for GPIOF_Button_IRQHandler
    irq.o(.ARM.exidx.text.GPIOF_Handler) refers to irq.o(.text.GPIOF_Handler) for [Anonymous Symbol]
    retarget.o(.text.fputc) refers to hal.o(.text.write_ASCII_UART0) for write_ASCII_UART0
    retarget.o(.ARM.exidx.text.fputc) refers to retarget.o(.text.fputc) for [Anonymous Symbol]
    startup_tm4c123.o(STACK) refers (Special) to heapauxi.o(.text) for __use_two_region_memory
    startup_tm4c123.o(HEAP) refers (Special) to heapauxi.o(.text) for __use_two_region_memory
    startup_tm4c123.o(RESET) refers (Special) to heapauxi.o(.text) for __use_two_region_memory
    startup_tm4c123.o(RESET) refers to startup_tm4c123.o(STACK) for __initial_sp
    startup_tm4c123.o(RESET) refers to startup_tm4c123.o(.text) for Reset_Handler
    startup_tm4c123.o(RESET) refers to bsp.o(.text.HardFault_Handler) for HardFault_Handler
    startup_tm4c123.o(RESET) refers to main.o(.text.SysTick_Handler) for SysTick_Handler
    startup_tm4c123.o(RESET) refers to irq.o(.text.TIMER0A_Handler) for TIMER0A_Handler
    startup_tm4c123.o(RESET) refers to irq.o(.text.GPIOF_Handler) for GPIOF_Handler
    startup_tm4c123.o(.text) refers (Special) to heapauxi.o(.text) for __use_two_region_memory
    startup_tm4c123.o(.text) refers to system_tm4c123.o(.text.SystemInit) for SystemInit
    startup_tm4c123.o(.text) refers to __main.o(!!!main) for __main
    startup_tm4c123.o(.text) refers to startup_tm4c123.o(HEAP) for Heap_Mem
    startup_tm4c123.o(.text) refers to startup_tm4c123.o(STACK) for Stack_Mem
    system_tm4c123.o(.text.SystemCoreClockUpdate) refers to system_tm4c123.o(.data.SystemCoreClock) for SystemCoreClock
    system_tm4c123.o(.text.SystemCoreClockUpdate) refers to system_tm4c123.o(.rodata.XTAL_NO_PLL) for XTAL_NO_PLL
    system_tm4c123.o(.ARM.exidx.text.SystemCoreClockUpdate) refers to system_tm4c123.o(.text.SystemCoreClockUpdate) for [Anonymous Symbol]
    system_tm4c123.o(.ARM.exidx.text.SystemInit) refers to system_tm4c123.o(.text.SystemInit) for [Anonymous Symbol]
    __2printf.o(.text) refers to _printf_char_file.o(.text) for _printf_char_file
    __2printf.o(.text) refers to retarget.o(.bss.__stdout) for __stdout
    noretval__2printf.o(.text) refers to _printf_char_file.o(.text) for _printf_char_file
    noretval__2printf.o(.text) refers to retarget.o(.bss.__stdout) for __stdout
    atoi.o(.text) refers to rt_errno_addr_intlibspace.o(.text) for __aeabi_errno_addr
    atoi.o(.text) refers to strtol.o(.text) for strtol
    __main.o(!!!main) refers to __rtentry.o(.ARM.Collect$$rtentry$$00000000) for __rt_entry
    __rtentry.o(.ARM.Collect$$rtentry$$00000000) refers (Special) to __rtentry2.o(.ARM.Collect$$rtentry$$0000000A) for __rt_entry_li
    __rtentry.o(.ARM.Collect$$rtentry$$00000000) refers (Special) to __rtentry2.o(.ARM.Collect$$rtentry$$0000000D) for __rt_entry_main
    __rtentry.o(.ARM.Collect$$rtentry$$00000000) refers (Special) to __rtentry2.o(.ARM.Collect$$rtentry$$0000000C) for __rt_entry_postli_1
    __rtentry.o(.ARM.Collect$$rtentry$$00000000) refers (Special) to __rtentry2.o(.ARM.Collect$$rtentry$$00000009) for __rt_entry_postsh_1
    __rtentry.o(.ARM.Collect$$rtentry$$00000000) refers (Special) to __rtentry2.o(.ARM.Collect$$rtentry$$00000002) for __rt_entry_presh_1
    __rtentry.o(.ARM.Collect$$rtentry$$00000000) refers (Special) to __rtentry4.o(.ARM.Collect$$rtentry$$00000004) for __rt_entry_sh
    rt_errno_addr.o(.text) refers to rt_errno_addr.o(.bss) for __aeabi_errno_addr_data
    rt_errno_addr_intlibspace.o(.text) refers to libspace.o(.bss) for __libspace_start
    _printf_char_file.o(.text) refers to _printf_char_common.o(.text) for _printf_char_common
    _printf_char_file.o(.text) refers to ferror.o(.text) for ferror
    _printf_char_file.o(.text) refers to retarget.o(.text.fputc) for fputc
    strtol.o(.text) refers to rt_ctype_table.o(.text) for __rt_ctype_table
    strtol.o(.text) refers to _strtoul.o(.text) for _strtoul
    strtol.o(.text) refers to rt_errno_addr_intlibspace.o(.text) for __aeabi_errno_addr
    libspace.o(.text) refers to libspace.o(.bss) for __libspace_start
    __rtentry2.o(.ARM.Collect$$rtentry$$00000008) refers to boardinit2.o(.text) for _platform_post_stackheap_init
    __rtentry2.o(.ARM.Collect$$rtentry$$0000000A) refers to libinit.o(.ARM.Collect$$libinit$$00000000) for __rt_lib_init
    __rtentry2.o(.ARM.Collect$$rtentry$$0000000B) refers to boardinit3.o(.text) for _platform_post_lib_init
    __rtentry2.o(.ARM.Collect$$rtentry$$0000000D) refers to main.o(.text.main) for main
    __rtentry2.o(.ARM.Collect$$rtentry$$0000000D) refers to exit.o(.text) for exit
    __rtentry2.o(.ARM.exidx) refers to __rtentry2.o(.ARM.Collect$$rtentry$$00000001) for .ARM.Collect$$rtentry$$00000001
    __rtentry2.o(.ARM.exidx) refers to __rtentry2.o(.ARM.Collect$$rtentry$$00000008) for .ARM.Collect$$rtentry$$00000008
    __rtentry2.o(.ARM.exidx) refers to __rtentry2.o(.ARM.Collect$$rtentry$$0000000A) for .ARM.Collect$$rtentry$$0000000A
    __rtentry2.o(.ARM.exidx) refers to __rtentry2.o(.ARM.Collect$$rtentry$$0000000B) for .ARM.Collect$$rtentry$$0000000B
    __rtentry2.o(.ARM.exidx) refers to __rtentry2.o(.ARM.Collect$$rtentry$$0000000D) for .ARM.Collect$$rtentry$$0000000D
    __rtentry4.o(.ARM.Collect$$rtentry$$00000004) refers to sys_stackheap_outer.o(.text) for __user_setup_stackheap
    __rtentry4.o(.ARM.exidx) refers to __rtentry4.o(.ARM.Collect$$rtentry$$00000004) for .ARM.Collect$$rtentry$$00000004
    rt_ctype_table.o(.text) refers to rt_locale_intlibspace.o(.text) for __rt_locale
    rt_ctype_table.o(.text) refers to lc_ctype_c.o(locale$$code) for _get_lc_ctype
    _printf_char_common.o(.text) refers to __printf_nopercent.o(.text) for __printf
    _strtoul.o(.text) refers to _chval.o(.text) for _chval
    _strtoul.o(.text) refers to rt_errno_addr_intlibspace.o(.text) for __aeabi_errno_addr
    sys_stackheap_outer.o(.text) refers to libspace.o(.text) for __user_perproc_libspace
    sys_stackheap_outer.o(.text) refers to startup_tm4c123.o(.text) for __user_initial_stackheap
    rt_locale.o(.text) refers to rt_locale.o(.bss) for __rt_locale_data
    rt_locale_intlibspace.o(.text) refers to libspace.o(.bss) for __libspace_start
    lc_ctype_c.o(locale$$data) refers (Special) to libinit2.o(.ARM.Collect$$libinit$$00000014) for __rt_lib_init_lc_ctype_2
    lc_ctype_c.o(locale$$code) refers (Special) to libinit2.o(.ARM.Collect$$libinit$$00000014) for __rt_lib_init_lc_ctype_2
    lc_ctype_c.o(locale$$code) refers to strcmpv7em.o(.text) for strcmp
    lc_ctype_c.o(locale$$code) refers to lc_ctype_c.o(locale$$data) for __lcctype_c_name
    exit.o(.text) refers to rtexit.o(.ARM.Collect$$rtexit$$00000000) for __rt_exit
    libinit.o(.ARM.Collect$$libinit$$00000000) refers (Special) to libinit2.o(.ARM.Collect$$libinit$$00000030) for __rt_lib_init_alloca_1
    libinit.o(.ARM.Collect$$libinit$$00000000) refers (Special) to libinit2.o(.ARM.Collect$$libinit$$0000002E) for __rt_lib_init_argv_1
    libinit.o(.ARM.Collect$$libinit$$00000000) refers (Special) to libinit2.o(.ARM.Collect$$libinit$$0000001D) for __rt_lib_init_atexit_1
    libinit.o(.ARM.Collect$$libinit$$00000000) refers (Special) to libinit2.o(.ARM.Collect$$libinit$$00000023) for __rt_lib_init_clock_1
    libinit.o(.ARM.Collect$$libinit$$00000000) refers (Special) to libinit2.o(.ARM.Collect$$libinit$$00000034) for __rt_lib_init_cpp_1
    libinit.o(.ARM.Collect$$libinit$$00000000) refers (Special) to libinit2.o(.ARM.Collect$$libinit$$00000032) for __rt_lib_init_exceptions_1
    libinit.o(.ARM.Collect$$libinit$$00000000) refers (Special) to libinit2.o(.ARM.Collect$$libinit$$00000001) for __rt_lib_init_fp_1
    libinit.o(.ARM.Collect$$libinit$$00000000) refers (Special) to libinit2.o(.ARM.Collect$$libinit$$00000021) for __rt_lib_init_fp_trap_1
    libinit.o(.ARM.Collect$$libinit$$00000000) refers (Special) to libinit2.o(.ARM.Collect$$libinit$$00000025) for __rt_lib_init_getenv_1
    libinit.o(.ARM.Collect$$libinit$$00000000) refers (Special) to libinit2.o(.ARM.Collect$$libinit$$0000000C) for __rt_lib_init_heap_1
    libinit.o(.ARM.Collect$$libinit$$00000000) refers (Special) to libinit2.o(.ARM.Collect$$libinit$$00000013) for __rt_lib_init_lc_collate_1
    libinit.o(.ARM.Collect$$libinit$$00000000) refers (Special) to libinit2.o(.ARM.Collect$$libinit$$00000015) for __rt_lib_init_lc_ctype_1
    libinit.o(.ARM.Collect$$libinit$$00000000) refers (Special) to libinit2.o(.ARM.Collect$$libinit$$00000017) for __rt_lib_init_lc_monetary_1
    libinit.o(.ARM.Collect$$libinit$$00000000) refers (Special) to libinit2.o(.ARM.Collect$$libinit$$00000019) for __rt_lib_init_lc_numeric_1
    libinit.o(.ARM.Collect$$libinit$$00000000) refers (Special) to libinit2.o(.ARM.Collect$$libinit$$0000001B) for __rt_lib_init_lc_time_1
    libinit.o(.ARM.Collect$$libinit$$00000000) refers (Special) to libinit2.o(.ARM.Collect$$libinit$$00000006) for __rt_lib_init_preinit_1
    libinit.o(.ARM.Collect$$libinit$$00000000) refers (Special) to libinit2.o(.ARM.Collect$$libinit$$00000010) for __rt_lib_init_rand_1
    libinit.o(.ARM.Collect$$libinit$$00000000) refers (Special) to libinit2.o(.ARM.Collect$$libinit$$00000004) for __rt_lib_init_relocate_pie_1
    libinit.o(.ARM.Collect$$libinit$$00000000) refers (Special) to libinit2.o(.ARM.Collect$$libinit$$00000035) for __rt_lib_init_return
    libinit.o(.ARM.Collect$$libinit$$00000000) refers (Special) to libinit2.o(.ARM.Collect$$libinit$$0000001F) for __rt_lib_init_signal_1
    libinit.o(.ARM.Collect$$libinit$$00000000) refers (Special) to libinit2.o(.ARM.Collect$$libinit$$00000027) for __rt_lib_init_stdio_1
    libinit.o(.ARM.Collect$$libinit$$00000000) refers (Special) to libinit2.o(.ARM.Collect$$libinit$$0000000E) for __rt_lib_init_user_alloc_1
    rtexit.o(.ARM.Collect$$rtexit$$00000000) refers (Special) to rtexit2.o(.ARM.Collect$$rtexit$$00000004) for __rt_exit_exit
    rtexit.o(.ARM.Collect$$rtexit$$00000000) refers (Special) to rtexit2.o(.ARM.Collect$$rtexit$$00000003) for __rt_exit_ls
    rtexit.o(.ARM.Collect$$rtexit$$00000000) refers (Special) to rtexit2.o(.ARM.Collect$$rtexit$$00000002) for __rt_exit_prels_1
    rtexit.o(.ARM.exidx) refers (Special) to rtexit2.o(.ARM.Collect$$rtexit$$00000004) for __rt_exit_exit
    rtexit.o(.ARM.exidx) refers (Special) to rtexit2.o(.ARM.Collect$$rtexit$$00000003) for __rt_exit_ls
    rtexit.o(.ARM.exidx) refers (Special) to rtexit2.o(.ARM.Collect$$rtexit$$00000002) for __rt_exit_prels_1
    rtexit.o(.ARM.exidx) refers to rtexit.o(.ARM.Collect$$rtexit$$00000000) for .ARM.Collect$$rtexit$$00000000
    libinit2.o(.ARM.Collect$$libinit$$00000001) refers to fpinit.o(x$fpl$fpinit) for _fp_init
    libinit2.o(.ARM.Collect$$libinit$$00000011) refers (Weak) to rt_locale_intlibspace.o(.text) for __rt_locale
    libinit2.o(.ARM.Collect$$libinit$$00000012) refers to libinit2.o(.ARM.Collect$$libinit$$00000011) for .ARM.Collect$$libinit$$00000011
    libinit2.o(.ARM.Collect$$libinit$$00000014) refers to libinit2.o(.ARM.Collect$$libinit$$00000011) for .ARM.Collect$$libinit$$00000011
    libinit2.o(.ARM.Collect$$libinit$$00000014) refers (Weak) to lc_ctype_c.o(locale$$code) for _get_lc_ctype
    libinit2.o(.ARM.Collect$$libinit$$00000016) refers to libinit2.o(.ARM.Collect$$libinit$$00000011) for .ARM.Collect$$libinit$$00000011
    libinit2.o(.ARM.Collect$$libinit$$00000018) refers to libinit2.o(.ARM.Collect$$libinit$$00000011) for .ARM.Collect$$libinit$$00000011
    libinit2.o(.ARM.Collect$$libinit$$0000001A) refers to libinit2.o(.ARM.Collect$$libinit$$00000011) for .ARM.Collect$$libinit$$00000011
    libinit2.o(.ARM.Collect$$libinit$$00000028) refers to argv_veneer.o(.emb_text) for __ARM_argv_veneer
    libinit2.o(.ARM.Collect$$libinit$$00000029) refers to argv_veneer.o(.emb_text) for __ARM_argv_veneer
    rtexit2.o(.ARM.Collect$$rtexit$$00000003) refers to libshutdown.o(.ARM.Collect$$libshutdown$$00000000) for __rt_lib_shutdown
    rtexit2.o(.ARM.Collect$$rtexit$$00000004) refers to sys_exit.o(.text) for _sys_exit
    rtexit2.o(.ARM.exidx) refers to rtexit2.o(.ARM.Collect$$rtexit$$00000001) for .ARM.Collect$$rtexit$$00000001
    rtexit2.o(.ARM.exidx) refers to rtexit2.o(.ARM.Collect$$rtexit$$00000003) for .ARM.Collect$$rtexit$$00000003
    rtexit2.o(.ARM.exidx) refers to rtexit2.o(.ARM.Collect$$rtexit$$00000004) for .ARM.Collect$$rtexit$$00000004
    argv_veneer.o(.emb_text) refers to no_argv.o(.text) for __ARM_get_argv
    sys_exit.o(.text) refers (Special) to use_no_semi.o(.text) for __I$use$semihosting
    sys_exit.o(.text) refers (Special) to indicate_semi.o(.text) for __semihosting_library_function
    sys_exit_hlt.o(.text) refers (Special) to use_no_semi.o(.text) for __I$use$semihosting
    sys_exit_hlt.o(.text) refers (Special) to indicate_semi.o(.text) for __semihosting_library_function
    _get_argv_nomalloc.o(.text) refers (Special) to hrguard.o(.text) for __heap_region$guard
    _get_argv_nomalloc.o(.text) refers to defsig_rtmem_outer.o(.text) for __rt_SIGRTMEM
    _get_argv_nomalloc.o(.text) refers to sys_command.o(.text) for _sys_command_string
    libshutdown.o(.ARM.Collect$$libshutdown$$00000000) refers (Special) to libshutdown2.o(.ARM.Collect$$libshutdown$$00000002) for __rt_lib_shutdown_cpp_1
    libshutdown.o(.ARM.Collect$$libshutdown$$00000000) refers (Special) to libshutdown2.o(.ARM.Collect$$libshutdown$$00000007) for __rt_lib_shutdown_fp_trap_1
    libshutdown.o(.ARM.Collect$$libshutdown$$00000000) refers (Special) to libshutdown2.o(.ARM.Collect$$libshutdown$$0000000F) for __rt_lib_shutdown_heap_1
    libshutdown.o(.ARM.Collect$$libshutdown$$00000000) refers (Special) to libshutdown2.o(.ARM.Collect$$libshutdown$$00000010) for __rt_lib_shutdown_return
    libshutdown.o(.ARM.Collect$$libshutdown$$00000000) refers (Special) to libshutdown2.o(.ARM.Collect$$libshutdown$$0000000A) for __rt_lib_shutdown_signal_1
    libshutdown.o(.ARM.Collect$$libshutdown$$00000000) refers (Special) to libshutdown2.o(.ARM.Collect$$libshutdown$$00000004) for __rt_lib_shutdown_stdio_1
    libshutdown.o(.ARM.Collect$$libshutdown$$00000000) refers (Special) to libshutdown2.o(.ARM.Collect$$libshutdown$$0000000C) for __rt_lib_shutdown_user_alloc_1
    sys_command.o(.text) refers (Special) to use_no_semi.o(.text) for __I$use$semihosting
    sys_command.o(.text) refers (Special) to indicate_semi.o(.text) for __semihosting_library_function
    sys_command_hlt.o(.text) refers (Special) to use_no_semi.o(.text) for __I$use$semihosting
    sys_command_hlt.o(.text) refers (Special) to indicate_semi.o(.text) for __semihosting_library_function
    defsig_rtmem_outer.o(.text) refers to defsig_rtmem_inner.o(.text) for __rt_SIGRTMEM_inner
    defsig_rtmem_outer.o(.text) refers to defsig_exit.o(.text) for __sig_exit
    defsig_rtmem_formal.o(.text) refers to rt_raise.o(.text) for __rt_raise
    rt_raise.o(.text) refers to __raise.o(.text) for __raise
    rt_raise.o(.text) refers to sys_exit.o(.text) for _sys_exit
    defsig_exit.o(.text) refers to sys_exit.o(.text) for _sys_exit
    defsig_rtmem_inner.o(.text) refers to defsig_general.o(.text) for __default_signal_display
    __raise.o(.text) refers to defsig.o(CL$$defsig) for __default_signal_handler
    defsig_general.o(.text) refers to sys_wrch.o(.text) for _ttywrch
    sys_wrch.o(.text) refers (Special) to use_no_semi.o(.text) for __I$use$semihosting
    sys_wrch.o(.text) refers (Special) to indicate_semi.o(.text) for __semihosting_library_function
    sys_wrch_hlt.o(.text) refers (Special) to use_no_semi.o(.text) for __I$use$semihosting
    sys_wrch_hlt.o(.text) refers (Special) to indicate_semi.o(.text) for __semihosting_library_function
    defsig.o(CL$$defsig) refers to defsig_rtmem_inner.o(.text) for __rt_SIGRTMEM_inner
    defsig_abrt_inner.o(.text) refers to defsig_general.o(.text) for __default_signal_display
    defsig_fpe_inner.o(.text) refers to defsig_general.o(.text) for __default_signal_display
    defsig_rtred_inner.o(.text) refers to defsig_general.o(.text) for __default_signal_display
    defsig_stak_inner.o(.text) refers to defsig_general.o(.text) for __default_signal_display
    defsig_pvfn_inner.o(.text) refers to defsig_general.o(.text) for __default_signal_display
    defsig_cppl_inner.o(.text) refers to defsig_general.o(.text) for __default_signal_display
    defsig_segv_inner.o(.text) refers to defsig_general.o(.text) for __default_signal_display
    defsig_other.o(.text) refers to defsig_general.o(.text) for __default_signal_display


==============================================================================

Removing Unused input sections from the image.

    Removing main.o(.text), (0 bytes).
    Removing main.o(.ARM.exidx.text.main), (8 bytes).
    Removing main.o(.ARM.exidx.text.DisplayString), (8 bytes).
    Removing main.o(.ARM.exidx.text.SysTick_Handler), (8 bytes).
    Removing main.o(.ARM.exidx.text.SetClock), (8 bytes).
    Removing main.o(.ARM.exidx.text.GPIOF_Button_IRQHandler), (8 bytes).
    Removing main.o(.ARM.exidx.text.TIMER0A_IRQHandler), (8 bytes).
    Removing main.o(.ARM.use_no_argv), (4 bytes).
    Removing bsp.o(.text), (0 bytes).
    Removing bsp.o(.ARM.exidx.text.BSPInit), (8 bytes).
    Removing bsp.o(.ARM.exidx.text.HardFault_Handler), (8 bytes).
    Removing bsp.o(.ARM.exidx.text.__NVIC_SystemReset), (8 bytes).
    Removing hal.o(.text), (0 bytes).
    Removing hal.o(.ARM.exidx.text.Port_Init), (8 bytes).
    Removing hal.o(.ARM.exidx.text.UART_Init), (8 bytes).
    Removing hal.o(.ARM.exidx.text.write_ASCII_UART0), (8 bytes).
    Removing hal.o(.ARM.exidx.text.read_ASCII_UART0), (8 bytes).
    Removing irq.o(.text), (0 bytes).
    Removing irq.o(.ARM.exidx.text.IRQ_Init), (8 bytes).
    Removing irq.o(.ARM.exidx.text.TIMER0A_Handler), (8 bytes).
    Removing irq.o(.ARM.exidx.text.GPIOF_Handler), (8 bytes).
    Removing retarget.o(.text), (0 bytes).
    Removing retarget.o(.ARM.exidx.text.fputc), (8 bytes).
    Removing system_tm4c123.o(.text), (0 bytes).
    Removing system_tm4c123.o(.ARM.exidx.text.SystemCoreClockUpdate), (8 bytes).
    Removing system_tm4c123.o(.ARM.exidx.text.SystemInit), (8 bytes).

26 unused section(s) (total 156 bytes) removed from the image.

==============================================================================

Image Symbol Table

    Local Symbols

    Symbol Name                              Value     Ov Type        Size  Object(Section)

    ../clib/angel/boardlib.s                 0x00000000   Number         0  boardinit1.o ABSOLUTE
    ../clib/angel/boardlib.s                 0x00000000   Number         0  boardinit2.o ABSOLUTE
    ../clib/angel/boardlib.s                 0x00000000   Number         0  boardinit3.o ABSOLUTE
    ../clib/angel/boardlib.s                 0x00000000   Number         0  boardshut.o ABSOLUTE
    ../clib/angel/handlers.s                 0x00000000   Number         0  __scatter_copy.o ABSOLUTE
    ../clib/angel/handlers.s                 0x00000000   Number         0  __scatter_zi.o ABSOLUTE
    ../clib/angel/kernel.s                   0x00000000   Number         0  __rtentry.o ABSOLUTE
    ../clib/angel/kernel.s                   0x00000000   Number         0  __rtentry2.o ABSOLUTE
    ../clib/angel/kernel.s                   0x00000000   Number         0  __rtentry4.o ABSOLUTE
    ../clib/angel/kernel.s                   0x00000000   Number         0  rtexit.o ABSOLUTE
    ../clib/angel/kernel.s                   0x00000000   Number         0  rtexit2.o ABSOLUTE
    ../clib/angel/rt.s                       0x00000000   Number         0  rt_errno_addr.o ABSOLUTE
    ../clib/angel/rt.s                       0x00000000   Number         0  rt_errno_addr_intlibspace.o ABSOLUTE
    ../clib/angel/rt.s                       0x00000000   Number         0  rt_ctype_table.o ABSOLUTE
    ../clib/angel/rt.s                       0x00000000   Number         0  rt_locale.o ABSOLUTE
    ../clib/angel/rt.s                       0x00000000   Number         0  rt_locale_intlibspace.o ABSOLUTE
    ../clib/angel/rt.s                       0x00000000   Number         0  rt_raise.o ABSOLUTE
    ../clib/angel/scatter.s                  0x00000000   Number         0  __scatter.o ABSOLUTE
    ../clib/angel/startup.s                  0x00000000   Number         0  __main.o ABSOLUTE
    ../clib/angel/sys.s                      0x00000000   Number         0  libspace.o ABSOLUTE
    ../clib/angel/sys.s                      0x00000000   Number         0  sys_stackheap_outer.o ABSOLUTE
    ../clib/angel/sys.s                      0x00000000   Number         0  use_no_semi.o ABSOLUTE
    ../clib/angel/sys.s                      0x00000000   Number         0  indicate_semi.o ABSOLUTE
    ../clib/angel/sysapp.c                   0x00000000   Number         0  sys_exit.o ABSOLUTE
    ../clib/angel/sysapp.c                   0x00000000   Number         0  sys_exit_hlt.o ABSOLUTE
    ../clib/angel/sysapp.c                   0x00000000   Number         0  sys_command.o ABSOLUTE
    ../clib/angel/sysapp.c                   0x00000000   Number         0  sys_command_hlt.o ABSOLUTE
    ../clib/angel/sysapp.c                   0x00000000   Number         0  sys_wrch.o ABSOLUTE
    ../clib/angel/sysapp.c                   0x00000000   Number         0  sys_wrch_hlt.o ABSOLUTE
    ../clib/armsys.c                         0x00000000   Number         0  argv_veneer.o ABSOLUTE
    ../clib/armsys.c                         0x00000000   Number         0  argv_veneer.o ABSOLUTE
    ../clib/armsys.c                         0x00000000   Number         0  _get_argv_nomalloc.o ABSOLUTE
    ../clib/armsys.c                         0x00000000   Number         0  no_argv.o ABSOLUTE
    ../clib/heapalloc.c                      0x00000000   Number         0  hrguard.o ABSOLUTE
    ../clib/heapaux.c                        0x00000000   Number         0  heapauxi.o ABSOLUTE
    ../clib/libinit.s                        0x00000000   Number         0  libinit.o ABSOLUTE
    ../clib/libinit.s                        0x00000000   Number         0  libinit2.o ABSOLUTE
    ../clib/libinit.s                        0x00000000   Number         0  libshutdown.o ABSOLUTE
    ../clib/libinit.s                        0x00000000   Number         0  libshutdown2.o ABSOLUTE
    ../clib/locale.s                         0x00000000   Number         0  lc_ctype_c.o ABSOLUTE
    ../clib/memcpset.s                       0x00000000   Number         0  strcmpv7em.o ABSOLUTE
    ../clib/printf.c                         0x00000000   Number         0  __2printf.o ABSOLUTE
    ../clib/printf.c                         0x00000000   Number         0  noretval__2printf.o ABSOLUTE
    ../clib/printf.c                         0x00000000   Number         0  _printf_char_file.o ABSOLUTE
    ../clib/printf.c                         0x00000000   Number         0  _printf_char_common.o ABSOLUTE
    ../clib/printf.c                         0x00000000   Number         0  __printf_nopercent.o ABSOLUTE
    ../clib/scanf.c                          0x00000000   Number         0  atoi.o ABSOLUTE
    ../clib/scanf.c                          0x00000000   Number         0  strtol.o ABSOLUTE
    ../clib/scanf.c                          0x00000000   Number         0  _strtoul.o ABSOLUTE
    ../clib/scanf.c                          0x00000000   Number         0  _chval.o ABSOLUTE
    ../clib/signal.c                         0x00000000   Number         0  defsig_rtmem_outer.o ABSOLUTE
    ../clib/signal.c                         0x00000000   Number         0  defsig_rtmem_formal.o ABSOLUTE
    ../clib/signal.c                         0x00000000   Number         0  defsig_exit.o ABSOLUTE
    ../clib/signal.c                         0x00000000   Number         0  defsig_rtmem_inner.o ABSOLUTE
    ../clib/signal.c                         0x00000000   Number         0  __raise.o ABSOLUTE
    ../clib/signal.c                         0x00000000   Number         0  defsig_general.o ABSOLUTE
    ../clib/signal.c                         0x00000000   Number         0  defsig_abrt_inner.o ABSOLUTE
    ../clib/signal.c                         0x00000000   Number         0  defsig_fpe_inner.o ABSOLUTE
    ../clib/signal.c                         0x00000000   Number         0  defsig_rtred_inner.o ABSOLUTE
    ../clib/signal.c                         0x00000000   Number         0  defsig_stak_inner.o ABSOLUTE
    ../clib/signal.c                         0x00000000   Number         0  defsig_pvfn_inner.o ABSOLUTE
    ../clib/signal.c                         0x00000000   Number         0  defsig_cppl_inner.o ABSOLUTE
    ../clib/signal.c                         0x00000000   Number         0  defsig_segv_inner.o ABSOLUTE
    ../clib/signal.c                         0x00000000   Number         0  defsig_other.o ABSOLUTE
    ../clib/signal.s                         0x00000000   Number         0  defsig.o ABSOLUTE
    ../clib/stdio.c                          0x00000000   Number         0  ferror.o ABSOLUTE
    ../clib/stdio.c                          0x00000000   Number         0  ferror_locked.o ABSOLUTE
    ../clib/stdlib.c                         0x00000000   Number         0  exit.o ABSOLUTE
    ../fplib/fpinit.s                        0x00000000   Number         0  fpinit.o ABSOLUTE
    ..\Src\BSP\MCU\startup_TM4C123.s         0x00000000   Number         0  startup_tm4c123.o ABSOLUTE
    BSP.c                                    0x00000000   Number         0  bsp.o ABSOLUTE
    Hal.c                                    0x00000000   Number         0  hal.o ABSOLUTE
    IRQ.c                                    0x00000000   Number         0  irq.o ABSOLUTE
    dc.s                                     0x00000000   Number         0  dc.o ABSOLUTE
    main.c                                   0x00000000   Number         0  main.o ABSOLUTE
    retarget.c                               0x00000000   Number         0  retarget.o ABSOLUTE
    system_TM4C123.c                         0x00000000   Number         0  system_tm4c123.o ABSOLUTE
    RESET                                    0x00000000   Section      620  startup_tm4c123.o(RESET)
    !!!main                                  0x0000026c   Section        8  __main.o(!!!main)
    !!!scatter                               0x00000274   Section       52  __scatter.o(!!!scatter)
    !!handler_copy                           0x000002a8   Section       26  __scatter_copy.o(!!handler_copy)
    !!handler_zi                             0x000002c4   Section       28  __scatter_zi.o(!!handler_zi)
    .ARM.Collect$$libinit$$00000000          0x000002e0   Section        2  libinit.o(.ARM.Collect$$libinit$$00000000)
    .ARM.Collect$$libinit$$00000001          0x000002e2   Section        4  libinit2.o(.ARM.Collect$$libinit$$00000001)
    .ARM.Collect$$libinit$$00000004          0x000002e6   Section        0  libinit2.o(.ARM.Collect$$libinit$$00000004)
    .ARM.Collect$$libinit$$00000006          0x000002e6   Section        0  libinit2.o(.ARM.Collect$$libinit$$00000006)
    .ARM.Collect$$libinit$$0000000C          0x000002e6   Section        0  libinit2.o(.ARM.Collect$$libinit$$0000000C)
    .ARM.Collect$$libinit$$0000000E          0x000002e6   Section        0  libinit2.o(.ARM.Collect$$libinit$$0000000E)
    .ARM.Collect$$libinit$$00000010          0x000002e6   Section        0  libinit2.o(.ARM.Collect$$libinit$$00000010)
    .ARM.Collect$$libinit$$00000011          0x000002e6   Section        6  libinit2.o(.ARM.Collect$$libinit$$00000011)
    .ARM.Collect$$libinit$$00000013          0x000002ec   Section        0  libinit2.o(.ARM.Collect$$libinit$$00000013)
    .ARM.Collect$$libinit$$00000014          0x000002ec   Section       12  libinit2.o(.ARM.Collect$$libinit$$00000014)
    .ARM.Collect$$libinit$$00000015          0x000002f8   Section        0  libinit2.o(.ARM.Collect$$libinit$$00000015)
    .ARM.Collect$$libinit$$00000017          0x000002f8   Section        0  libinit2.o(.ARM.Collect$$libinit$$00000017)
    .ARM.Collect$$libinit$$00000019          0x000002f8   Section        0  libinit2.o(.ARM.Collect$$libinit$$00000019)
    .ARM.Collect$$libinit$$0000001B          0x000002f8   Section        0  libinit2.o(.ARM.Collect$$libinit$$0000001B)
    .ARM.Collect$$libinit$$0000001D          0x000002f8   Section        0  libinit2.o(.ARM.Collect$$libinit$$0000001D)
    .ARM.Collect$$libinit$$0000001F          0x000002f8   Section        0  libinit2.o(.ARM.Collect$$libinit$$0000001F)
    .ARM.Collect$$libinit$$00000021          0x000002f8   Section        0  libinit2.o(.ARM.Collect$$libinit$$00000021)
    .ARM.Collect$$libinit$$00000023          0x000002f8   Section        0  libinit2.o(.ARM.Collect$$libinit$$00000023)
    .ARM.Collect$$libinit$$00000025          0x000002f8   Section        0  libinit2.o(.ARM.Collect$$libinit$$00000025)
    .ARM.Collect$$libinit$$00000027          0x000002f8   Section        0  libinit2.o(.ARM.Collect$$libinit$$00000027)
    .ARM.Collect$$libinit$$0000002E          0x000002f8   Section        0  libinit2.o(.ARM.Collect$$libinit$$0000002E)
    .ARM.Collect$$libinit$$00000030          0x000002f8   Section        0  libinit2.o(.ARM.Collect$$libinit$$00000030)
    .ARM.Collect$$libinit$$00000032          0x000002f8   Section        0  libinit2.o(.ARM.Collect$$libinit$$00000032)
    .ARM.Collect$$libinit$$00000034          0x000002f8   Section        0  libinit2.o(.ARM.Collect$$libinit$$00000034)
    .ARM.Collect$$libinit$$00000035          0x000002f8   Section        2  libinit2.o(.ARM.Collect$$libinit$$00000035)
    .ARM.Collect$$libshutdown$$00000000      0x000002fa   Section        2  libshutdown.o(.ARM.Collect$$libshutdown$$00000000)
    .ARM.Collect$$libshutdown$$00000002      0x000002fc   Section        0  libshutdown2.o(.ARM.Collect$$libshutdown$$00000002)
    .ARM.Collect$$libshutdown$$00000004      0x000002fc   Section        0  libshutdown2.o(.ARM.Collect$$libshutdown$$00000004)
    .ARM.Collect$$libshutdown$$00000007      0x000002fc   Section        0  libshutdown2.o(.ARM.Collect$$libshutdown$$00000007)
    .ARM.Collect$$libshutdown$$0000000A      0x000002fc   Section        0  libshutdown2.o(.ARM.Collect$$libshutdown$$0000000A)
    .ARM.Collect$$libshutdown$$0000000C      0x000002fc   Section        0  libshutdown2.o(.ARM.Collect$$libshutdown$$0000000C)
    .ARM.Collect$$libshutdown$$0000000F      0x000002fc   Section        0  libshutdown2.o(.ARM.Collect$$libshutdown$$0000000F)
    .ARM.Collect$$libshutdown$$00000010      0x000002fc   Section        2  libshutdown2.o(.ARM.Collect$$libshutdown$$00000010)
    .ARM.Collect$$rtentry$$00000000          0x000002fe   Section        0  __rtentry.o(.ARM.Collect$$rtentry$$00000000)
    .ARM.Collect$$rtentry$$00000002          0x000002fe   Section        0  __rtentry2.o(.ARM.Collect$$rtentry$$00000002)
    .ARM.Collect$$rtentry$$00000004          0x000002fe   Section        6  __rtentry4.o(.ARM.Collect$$rtentry$$00000004)
    .ARM.Collect$$rtentry$$00000009          0x00000304   Section        0  __rtentry2.o(.ARM.Collect$$rtentry$$00000009)
    .ARM.Collect$$rtentry$$0000000A          0x00000304   Section        4  __rtentry2.o(.ARM.Collect$$rtentry$$0000000A)
    .ARM.Collect$$rtentry$$0000000C          0x00000308   Section        0  __rtentry2.o(.ARM.Collect$$rtentry$$0000000C)
    .ARM.Collect$$rtentry$$0000000D          0x00000308   Section        8  __rtentry2.o(.ARM.Collect$$rtentry$$0000000D)
    .ARM.Collect$$rtexit$$00000000           0x00000310   Section        2  rtexit.o(.ARM.Collect$$rtexit$$00000000)
    .ARM.Collect$$rtexit$$00000002           0x00000312   Section        0  rtexit2.o(.ARM.Collect$$rtexit$$00000002)
    .ARM.Collect$$rtexit$$00000003           0x00000312   Section        4  rtexit2.o(.ARM.Collect$$rtexit$$00000003)
    .ARM.Collect$$rtexit$$00000004           0x00000316   Section        6  rtexit2.o(.ARM.Collect$$rtexit$$00000004)
    $v0                                      0x0000031c   Number         0  startup_tm4c123.o(.text)
    .text                                    0x0000031c   Section      276  startup_tm4c123.o(.text)
    .text                                    0x00000430   Section        0  noretval__2printf.o(.text)
    .text                                    0x00000448   Section        0  atoi.o(.text)
    .text                                    0x00000462   Section        0  heapauxi.o(.text)
    .text                                    0x00000468   Section        8  rt_errno_addr_intlibspace.o(.text)
    .text                                    0x00000470   Section        0  _printf_char_file.o(.text)
    .text                                    0x00000494   Section        0  strtol.o(.text)
    .text                                    0x00000504   Section        8  libspace.o(.text)
    .text                                    0x0000050c   Section       16  rt_ctype_table.o(.text)
    _printf_input_char                       0x0000051d   Thumb Code    10  _printf_char_common.o(.text)
    .text                                    0x0000051c   Section        0  _printf_char_common.o(.text)
    .text                                    0x0000054c   Section        0  _strtoul.o(.text)
    .text                                    0x000005ea   Section        0  ferror.o(.text)
    .text                                    0x000005f2   Section       74  sys_stackheap_outer.o(.text)
    .text                                    0x0000063c   Section        8  rt_locale_intlibspace.o(.text)
    .text                                    0x00000644   Section        0  __printf_nopercent.o(.text)
    .text                                    0x0000066c   Section        0  _chval.o(.text)
    .text                                    0x00000688   Section        0  exit.o(.text)
    .text                                    0x000006a0   Section      124  strcmpv7em.o(.text)
    .text                                    0x0000071c   Section        0  sys_exit.o(.text)
    .text                                    0x00000728   Section        2  use_no_semi.o(.text)
    .text                                    0x0000072a   Section        0  indicate_semi.o(.text)
    [Anonymous Symbol]                       0x0000072c   Section        0  bsp.o(.text.BSPInit)
    [Anonymous Symbol]                       0x00000738   Section        0  main.o(.text.DisplayString)
    [Anonymous Symbol]                       0x00000874   Section        0  main.o(.text.GPIOF_Button_IRQHandler)
    [Anonymous Symbol]                       0x000008b0   Section        0  irq.o(.text.GPIOF_Handler)
    [Anonymous Symbol]                       0x000008c4   Section        0  bsp.o(.text.HardFault_Handler)
    [Anonymous Symbol]                       0x000008c8   Section        0  irq.o(.text.IRQ_Init)
    [Anonymous Symbol]                       0x000008ec   Section        0  hal.o(.text.Port_Init)
    [Anonymous Symbol]                       0x00000a6c   Section        0  main.o(.text.SetClock)
    [Anonymous Symbol]                       0x00000bb0   Section        0  main.o(.text.SysTick_Handler)
    [Anonymous Symbol]                       0x00000c30   Section        0  system_tm4c123.o(.text.SystemCoreClockUpdate)
    [Anonymous Symbol]                       0x00000ce4   Section        0  system_tm4c123.o(.text.SystemInit)
    [Anonymous Symbol]                       0x00000dc4   Section        0  irq.o(.text.TIMER0A_Handler)
    [Anonymous Symbol]                       0x00000dd4   Section        0  main.o(.text.TIMER0A_IRQHandler)
    [Anonymous Symbol]                       0x00000df8   Section        0  hal.o(.text.UART_Init)
    __NVIC_SystemReset                       0x00000ec5   Thumb Code    36  bsp.o(.text.__NVIC_SystemReset)
    [Anonymous Symbol]                       0x00000ec4   Section        0  bsp.o(.text.__NVIC_SystemReset)
    [Anonymous Symbol]                       0x00000ee8   Section        0  retarget.o(.text.fputc)
    [Anonymous Symbol]                       0x00000ef8   Section        0  main.o(.text.main)
    [Anonymous Symbol]                       0x0000133c   Section        0  hal.o(.text.read_ASCII_UART0)
    [Anonymous Symbol]                       0x0000134c   Section        0  hal.o(.text.write_ASCII_UART0)
    locale$$code                             0x00001360   Section       44  lc_ctype_c.o(locale$$code)
    $v0                                      0x0000138c   Number         0  fpinit.o(x$fpl$fpinit)
    x$fpl$fpinit                             0x0000138c   Section       26  fpinit.o(x$fpl$fpinit)
    XTAL_NO_PLL                              0x000013a8   Data         108  system_tm4c123.o(.rodata.XTAL_NO_PLL)
    [Anonymous Symbol]                       0x000013a8   Section        0  system_tm4c123.o(.rodata.XTAL_NO_PLL)
    locale$$data                             0x00001434   Section      272  lc_ctype_c.o(locale$$data)
    __lcctype_c_name                         0x00001438   Data           2  lc_ctype_c.o(locale$$data)
    __lcctype_c_start                        0x00001440   Data           0  lc_ctype_c.o(locale$$data)
    __lcctype_c_end                          0x00001544   Data           0  lc_ctype_c.o(locale$$data)
    command                                  0x20000004   Data           4  main.o(.data.command)
    [Anonymous Symbol]                       0x20000004   Section        0  main.o(.data.command)
    commandCode                              0x20000008   Data           1  main.o(.data.commandCode)
    [Anonymous Symbol]                       0x20000008   Section        0  main.o(.data.commandCode)
    commandID                                0x20000009   Data           1  main.o(.data.commandID)
    [Anonymous Symbol]                       0x20000009   Section        0  main.o(.data.commandID)
    commandType                              0x2000000c   Data           4  main.o(.data.commandType)
    [Anonymous Symbol]                       0x2000000c   Section        0  main.o(.data.commandType)
    dataSent                                 0x20000010   Data           4  main.o(.data.dataSent)
    [Anonymous Symbol]                       0x20000010   Section        0  main.o(.data.dataSent)
    dataStart                                0x20000014   Data           4  main.o(.data.dataStart)
    [Anonymous Symbol]                       0x20000014   Section        0  main.o(.data.dataStart)
    toggleDot                                0x20000024   Data           4  main.o(.data.toggleDot)
    [Anonymous Symbol]                       0x20000024   Section        0  main.o(.data.toggleDot)
    .bss                                     0x20000028   Section       96  libspace.o(.bss)
    Arr                                      0x20000088   Data           6  main.o(.bss.Arr)
    [Anonymous Symbol]                       0x20000088   Section        0  main.o(.bss.Arr)
    Hours                                    0x20000090   Data           4  main.o(.bss.Hours)
    [Anonymous Symbol]                       0x20000090   Section        0  main.o(.bss.Hours)
    Interrupt                                0x20000094   Data           4  main.o(.bss.Interrupt)
    [Anonymous Symbol]                       0x20000094   Section        0  main.o(.bss.Interrupt)
    Minutes                                  0x20000098   Data           4  main.o(.bss.Minutes)
    [Anonymous Symbol]                       0x20000098   Section        0  main.o(.bss.Minutes)
    Seconds                                  0x2000009c   Data           4  main.o(.bss.Seconds)
    [Anonymous Symbol]                       0x2000009c   Section        0  main.o(.bss.Seconds)
    SysTick_Handler.nCount                   0x200000a0   Data           4  main.o(.bss.SysTick_Handler.nCount)
    [Anonymous Symbol]                       0x200000a0   Section        0  main.o(.bss.SysTick_Handler.nCount)
    address                                  0x200000f8   Data           1  main.o(.bss.address)
    [Anonymous Symbol]                       0x200000f8   Section        0  main.o(.bss.address)
    g_UART_CharRx                            0x200000f9   Data           1  main.o(.bss.g_UART_CharRx)
    [Anonymous Symbol]                       0x200000f9   Section        0  main.o(.bss.g_UART_CharRx)
    g_bSW1                                   0x200000fc   Data           4  main.o(.bss.g_bSW1)
    [Anonymous Symbol]                       0x200000fc   Section        0  main.o(.bss.g_bSW1)
    g_bSW2                                   0x20000100   Data           4  main.o(.bss.g_bSW2)
    [Anonymous Symbol]                       0x20000100   Section        0  main.o(.bss.g_bSW2)
    g_bSystemTick                            0x20000104   Data           4  main.o(.bss.g_bSystemTick)
    [Anonymous Symbol]                       0x20000104   Section        0  main.o(.bss.g_bSystemTick)
    g_nBuzzer                                0x20000108   Data           2  main.o(.bss.g_nBuzzer)
    [Anonymous Symbol]                       0x20000108   Section        0  main.o(.bss.g_nBuzzer)
    g_nSW2                                   0x2000010a   Data           2  main.o(.bss.g_nSW2)
    [Anonymous Symbol]                       0x2000010a   Section        0  main.o(.bss.g_nSW2)
    i                                        0x2000010c   Data           4  main.o(.bss.i)
    [Anonymous Symbol]                       0x2000010c   Section        0  main.o(.bss.i)
    index                                    0x20000110   Data           4  main.o(.bss.index)
    [Anonymous Symbol]                       0x20000110   Section        0  main.o(.bss.index)
    s                                        0x20000114   Data         255  main.o(.bss.s)
    [Anonymous Symbol]                       0x20000114   Section        0  main.o(.bss.s)
    s_index                                  0x20000214   Data           4  main.o(.bss.s_index)
    [Anonymous Symbol]                       0x20000214   Section        0  main.o(.bss.s_index)
    secondsTick                              0x20000218   Data           4  main.o(.bss.secondsTick)
    [Anonymous Symbol]                       0x20000218   Section        0  main.o(.bss.secondsTick)
    sw1Pressed                               0x2000021c   Data           4  main.o(.bss.sw1Pressed)
    [Anonymous Symbol]                       0x2000021c   Section        0  main.o(.bss.sw1Pressed)
    Heap_Mem                                 0x20000220   Data           0  startup_tm4c123.o(HEAP)
    Stack_Mem                                0x20000220   Data         512  startup_tm4c123.o(STACK)
    HEAP                                     0x20000220   Section        0  startup_tm4c123.o(HEAP)
    STACK                                    0x20000220   Section      512  startup_tm4c123.o(STACK)
    __initial_sp                             0x20000420   Data           0  startup_tm4c123.o(STACK)

    Global Symbols

    Symbol Name                              Value     Ov Type        Size  Object(Section)

    BuildAttributes$$THM_ISAv4$E$P$D$K$B$S$7EM$VFPi3$EXTD16$VFPS$VFMA$PE$A:L22UL41UL21$X:L11$S22US41US21$IEEE1$IW$~IW$USESV6$~STKCKD$USESV7$~SHL$OTIME$ROPI$EBA8$UX$STANDARDLIB$REQ8$PRES8$EABIv2 0x00000000   Number         0  anon$$obj.o ABSOLUTE
    __Vectors                                0x00000000   Data           4  startup_tm4c123.o(RESET)
    __ARM_exceptions_init                     - Undefined Weak Reference
    __alloca_initialize                       - Undefined Weak Reference
    __arm_preinit_                            - Undefined Weak Reference
    __arm_relocate_pie_                       - Undefined Weak Reference
    __cpp_initialize__aeabi_                  - Undefined Weak Reference
    __cxa_finalize                            - Undefined Weak Reference
    __sigvec_lookup                           - Undefined Weak Reference
    _atexit_init                              - Undefined Weak Reference
    _call_atexit_fns                          - Undefined Weak Reference
    _clock_init                               - Undefined Weak Reference
    _fp_trap_init                             - Undefined Weak Reference
    _fp_trap_shutdown                         - Undefined Weak Reference
    _get_lc_collate                           - Undefined Weak Reference
    _get_lc_monetary                          - Undefined Weak Reference
    _get_lc_numeric                           - Undefined Weak Reference
    _get_lc_time                              - Undefined Weak Reference
    _getenv_init                              - Undefined Weak Reference
    _handle_redirection                       - Undefined Weak Reference
    _init_alloc                               - Undefined Weak Reference
    _init_user_alloc                          - Undefined Weak Reference
    _initio                                   - Undefined Weak Reference
    _mutex_acquire                            - Undefined Weak Reference
    _mutex_release                            - Undefined Weak Reference
    _rand_init                                - Undefined Weak Reference
    _signal_finish                            - Undefined Weak Reference
    _signal_init                              - Undefined Weak Reference
    _terminate_alloc                          - Undefined Weak Reference
    _terminate_user_alloc                     - Undefined Weak Reference
    _terminateio                              - Undefined Weak Reference
    __Vectors_End                            0x0000026c   Data           0  startup_tm4c123.o(RESET)
    __Vectors_Size                           0x0000026c   Number         0  startup_tm4c123.o ABSOLUTE
    __main                                   0x0000026d   Thumb Code     8  __main.o(!!!main)
    __scatterload                            0x00000275   Thumb Code     0  __scatter.o(!!!scatter)
    __scatterload_rt2                        0x00000275   Thumb Code    44  __scatter.o(!!!scatter)
    __scatterload_rt2_thumb_only             0x00000275   Thumb Code     0  __scatter.o(!!!scatter)
    __scatterload_null                       0x00000283   Thumb Code     0  __scatter.o(!!!scatter)
    __scatterload_copy                       0x000002a9   Thumb Code    26  __scatter_copy.o(!!handler_copy)
    __scatterload_zeroinit                   0x000002c5   Thumb Code    28  __scatter_zi.o(!!handler_zi)
    __rt_lib_init                            0x000002e1   Thumb Code     0  libinit.o(.ARM.Collect$$libinit$$00000000)
    __rt_lib_init_fp_1                       0x000002e3   Thumb Code     0  libinit2.o(.ARM.Collect$$libinit$$00000001)
    __rt_lib_init_heap_1                     0x000002e7   Thumb Code     0  libinit2.o(.ARM.Collect$$libinit$$0000000C)
    __rt_lib_init_lc_common                  0x000002e7   Thumb Code     0  libinit2.o(.ARM.Collect$$libinit$$00000011)
    __rt_lib_init_preinit_1                  0x000002e7   Thumb Code     0  libinit2.o(.ARM.Collect$$libinit$$00000006)
    __rt_lib_init_rand_1                     0x000002e7   Thumb Code     0  libinit2.o(.ARM.Collect$$libinit$$00000010)
    __rt_lib_init_relocate_pie_1             0x000002e7   Thumb Code     0  libinit2.o(.ARM.Collect$$libinit$$00000004)
    __rt_lib_init_user_alloc_1               0x000002e7   Thumb Code     0  libinit2.o(.ARM.Collect$$libinit$$0000000E)
    __rt_lib_init_lc_collate_1               0x000002ed   Thumb Code     0  libinit2.o(.ARM.Collect$$libinit$$00000013)
    __rt_lib_init_lc_ctype_2                 0x000002ed   Thumb Code     0  libinit2.o(.ARM.Collect$$libinit$$00000014)
    __rt_lib_init_alloca_1                   0x000002f9   Thumb Code     0  libinit2.o(.ARM.Collect$$libinit$$00000030)
    __rt_lib_init_argv_1                     0x000002f9   Thumb Code     0  libinit2.o(.ARM.Collect$$libinit$$0000002E)
    __rt_lib_init_atexit_1                   0x000002f9   Thumb Code     0  libinit2.o(.ARM.Collect$$libinit$$0000001D)
    __rt_lib_init_clock_1                    0x000002f9   Thumb Code     0  libinit2.o(.ARM.Collect$$libinit$$00000023)
    __rt_lib_init_cpp_1                      0x000002f9   Thumb Code     0  libinit2.o(.ARM.Collect$$libinit$$00000034)
    __rt_lib_init_exceptions_1               0x000002f9   Thumb Code     0  libinit2.o(.ARM.Collect$$libinit$$00000032)
    __rt_lib_init_fp_trap_1                  0x000002f9   Thumb Code     0  libinit2.o(.ARM.Collect$$libinit$$00000021)
    __rt_lib_init_getenv_1                   0x000002f9   Thumb Code     0  libinit2.o(.ARM.Collect$$libinit$$00000025)
    __rt_lib_init_lc_ctype_1                 0x000002f9   Thumb Code     0  libinit2.o(.ARM.Collect$$libinit$$00000015)
    __rt_lib_init_lc_monetary_1              0x000002f9   Thumb Code     0  libinit2.o(.ARM.Collect$$libinit$$00000017)
    __rt_lib_init_lc_numeric_1               0x000002f9   Thumb Code     0  libinit2.o(.ARM.Collect$$libinit$$00000019)
    __rt_lib_init_lc_time_1                  0x000002f9   Thumb Code     0  libinit2.o(.ARM.Collect$$libinit$$0000001B)
    __rt_lib_init_return                     0x000002f9   Thumb Code     0  libinit2.o(.ARM.Collect$$libinit$$00000035)
    __rt_lib_init_signal_1                   0x000002f9   Thumb Code     0  libinit2.o(.ARM.Collect$$libinit$$0000001F)
    __rt_lib_init_stdio_1                    0x000002f9   Thumb Code     0  libinit2.o(.ARM.Collect$$libinit$$00000027)
    __rt_lib_shutdown                        0x000002fb   Thumb Code     0  libshutdown.o(.ARM.Collect$$libshutdown$$00000000)
    __rt_lib_shutdown_cpp_1                  0x000002fd   Thumb Code     0  libshutdown2.o(.ARM.Collect$$libshutdown$$00000002)
    __rt_lib_shutdown_fp_trap_1              0x000002fd   Thumb Code     0  libshutdown2.o(.ARM.Collect$$libshutdown$$00000007)
    __rt_lib_shutdown_heap_1                 0x000002fd   Thumb Code     0  libshutdown2.o(.ARM.Collect$$libshutdown$$0000000F)
    __rt_lib_shutdown_return                 0x000002fd   Thumb Code     0  libshutdown2.o(.ARM.Collect$$libshutdown$$00000010)
    __rt_lib_shutdown_signal_1               0x000002fd   Thumb Code     0  libshutdown2.o(.ARM.Collect$$libshutdown$$0000000A)
    __rt_lib_shutdown_stdio_1                0x000002fd   Thumb Code     0  libshutdown2.o(.ARM.Collect$$libshutdown$$00000004)
    __rt_lib_shutdown_user_alloc_1           0x000002fd   Thumb Code     0  libshutdown2.o(.ARM.Collect$$libshutdown$$0000000C)
    __rt_entry                               0x000002ff   Thumb Code     0  __rtentry.o(.ARM.Collect$$rtentry$$00000000)
    __rt_entry_presh_1                       0x000002ff   Thumb Code     0  __rtentry2.o(.ARM.Collect$$rtentry$$00000002)
    __rt_entry_sh                            0x000002ff   Thumb Code     0  __rtentry4.o(.ARM.Collect$$rtentry$$00000004)
    __rt_entry_li                            0x00000305   Thumb Code     0  __rtentry2.o(.ARM.Collect$$rtentry$$0000000A)
    __rt_entry_postsh_1                      0x00000305   Thumb Code     0  __rtentry2.o(.ARM.Collect$$rtentry$$00000009)
    __rt_entry_main                          0x00000309   Thumb Code     0  __rtentry2.o(.ARM.Collect$$rtentry$$0000000D)
    __rt_entry_postli_1                      0x00000309   Thumb Code     0  __rtentry2.o(.ARM.Collect$$rtentry$$0000000C)
    __rt_exit                                0x00000311   Thumb Code     0  rtexit.o(.ARM.Collect$$rtexit$$00000000)
    __rt_exit_ls                             0x00000313   Thumb Code     0  rtexit2.o(.ARM.Collect$$rtexit$$00000003)
    __rt_exit_prels_1                        0x00000313   Thumb Code     0  rtexit2.o(.ARM.Collect$$rtexit$$00000002)
    __rt_exit_exit                           0x00000317   Thumb Code     0  rtexit2.o(.ARM.Collect$$rtexit$$00000004)
    Reset_Handler                            0x0000031d   Thumb Code     8  startup_tm4c123.o(.text)
    NMI_Handler                              0x00000325   Thumb Code     2  startup_tm4c123.o(.text)
    MemManage_Handler                        0x00000329   Thumb Code     2  startup_tm4c123.o(.text)
    BusFault_Handler                         0x0000032b   Thumb Code     2  startup_tm4c123.o(.text)
    UsageFault_Handler                       0x0000032d   Thumb Code     2  startup_tm4c123.o(.text)
    SVC_Handler                              0x0000032f   Thumb Code     2  startup_tm4c123.o(.text)
    DebugMon_Handler                         0x00000331   Thumb Code     2  startup_tm4c123.o(.text)
    PendSV_Handler                           0x00000333   Thumb Code     2  startup_tm4c123.o(.text)
    GPIOA_Handler                            0x00000337   Thumb Code     2  startup_tm4c123.o(.text)
    GPIOB_Handler                            0x00000339   Thumb Code     2  startup_tm4c123.o(.text)
    GPIOC_Handler                            0x0000033b   Thumb Code     2  startup_tm4c123.o(.text)
    GPIOD_Handler                            0x0000033d   Thumb Code     2  startup_tm4c123.o(.text)
    GPIOE_Handler                            0x0000033f   Thumb Code     2  startup_tm4c123.o(.text)
    UART0_Handler                            0x00000341   Thumb Code     2  startup_tm4c123.o(.text)
    UART1_Handler                            0x00000343   Thumb Code     2  startup_tm4c123.o(.text)
    SSI0_Handler                             0x00000345   Thumb Code     2  startup_tm4c123.o(.text)
    I2C0_Handler                             0x00000347   Thumb Code     2  startup_tm4c123.o(.text)
    PMW0_FAULT_Handler                       0x00000349   Thumb Code     2  startup_tm4c123.o(.text)
    PWM0_0_Handler                           0x0000034b   Thumb Code     2  startup_tm4c123.o(.text)
    PWM0_1_Handler                           0x0000034d   Thumb Code     2  startup_tm4c123.o(.text)
    PWM0_2_Handler                           0x0000034f   Thumb Code     2  startup_tm4c123.o(.text)
    QEI0_Handler                             0x00000351   Thumb Code     2  startup_tm4c123.o(.text)
    ADC0SS0_Handler                          0x00000353   Thumb Code     2  startup_tm4c123.o(.text)
    ADC0SS1_Handler                          0x00000355   Thumb Code     2  startup_tm4c123.o(.text)
    ADC0SS2_Handler                          0x00000357   Thumb Code     2  startup_tm4c123.o(.text)
    ADC0SS3_Handler                          0x00000359   Thumb Code     2  startup_tm4c123.o(.text)
    WDT0_Handler                             0x0000035b   Thumb Code     2  startup_tm4c123.o(.text)
    TIMER0B_Handler                          0x0000035f   Thumb Code     2  startup_tm4c123.o(.text)
    TIMER1A_Handler                          0x00000361   Thumb Code     2  startup_tm4c123.o(.text)
    TIMER1B_Handler                          0x00000363   Thumb Code     2  startup_tm4c123.o(.text)
    TIMER2A_Handler                          0x00000365   Thumb Code     2  startup_tm4c123.o(.text)
    TIMER2B_Handler                          0x00000367   Thumb Code     2  startup_tm4c123.o(.text)
    COMP0_Handler                            0x00000369   Thumb Code     2  startup_tm4c123.o(.text)
    COMP1_Handler                            0x0000036b   Thumb Code     2  startup_tm4c123.o(.text)
    COMP2_Handler                            0x0000036d   Thumb Code     2  startup_tm4c123.o(.text)
    SYSCTL_Handler                           0x0000036f   Thumb Code     2  startup_tm4c123.o(.text)
    FLASH_Handler                            0x00000371   Thumb Code     2  startup_tm4c123.o(.text)
    GPIOG_Handler                            0x00000375   Thumb Code     2  startup_tm4c123.o(.text)
    GPIOH_Handler                            0x00000377   Thumb Code     2  startup_tm4c123.o(.text)
    UART2_Handler                            0x00000379   Thumb Code     2  startup_tm4c123.o(.text)
    SSI1_Handler                             0x0000037b   Thumb Code     2  startup_tm4c123.o(.text)
    TIMER3A_Handler                          0x0000037d   Thumb Code     2  startup_tm4c123.o(.text)
    TIMER3B_Handler                          0x0000037f   Thumb Code     2  startup_tm4c123.o(.text)
    I2C1_Handler                             0x00000381   Thumb Code     2  startup_tm4c123.o(.text)
    QEI1_Handler                             0x00000383   Thumb Code     2  startup_tm4c123.o(.text)
    CAN0_Handler                             0x00000385   Thumb Code     2  startup_tm4c123.o(.text)
    CAN1_Handler                             0x00000387   Thumb Code     2  startup_tm4c123.o(.text)
    CAN2_Handler                             0x00000389   Thumb Code     2  startup_tm4c123.o(.text)
    HIB_Handler                              0x0000038b   Thumb Code     2  startup_tm4c123.o(.text)
    USB0_Handler                             0x0000038d   Thumb Code     2  startup_tm4c123.o(.text)
    PWM0_3_Handler                           0x0000038f   Thumb Code     2  startup_tm4c123.o(.text)
    UDMA_Handler                             0x00000391   Thumb Code     2  startup_tm4c123.o(.text)
    UDMAERR_Handler                          0x00000393   Thumb Code     2  startup_tm4c123.o(.text)
    ADC1SS0_Handler                          0x00000395   Thumb Code     2  startup_tm4c123.o(.text)
    ADC1SS1_Handler                          0x00000397   Thumb Code     2  startup_tm4c123.o(.text)
    ADC1SS2_Handler                          0x00000399   Thumb Code     2  startup_tm4c123.o(.text)
    ADC1SS3_Handler                          0x0000039b   Thumb Code     2  startup_tm4c123.o(.text)
    GPIOJ_Handler                            0x0000039d   Thumb Code     2  startup_tm4c123.o(.text)
    GPIOK_Handler                            0x0000039f   Thumb Code     2  startup_tm4c123.o(.text)
    GPIOL_Handler                            0x000003a1   Thumb Code     2  startup_tm4c123.o(.text)
    SSI2_Handler                             0x000003a3   Thumb Code     2  startup_tm4c123.o(.text)
    SSI3_Handler                             0x000003a5   Thumb Code     2  startup_tm4c123.o(.text)
    UART3_Handler                            0x000003a7   Thumb Code     2  startup_tm4c123.o(.text)
    UART4_Handler                            0x000003a9   Thumb Code     2  startup_tm4c123.o(.text)
    UART5_Handler                            0x000003ab   Thumb Code     2  startup_tm4c123.o(.text)
    UART6_Handler                            0x000003ad   Thumb Code     2  startup_tm4c123.o(.text)
    UART7_Handler                            0x000003af   Thumb Code     2  startup_tm4c123.o(.text)
    I2C2_Handler                             0x000003b1   Thumb Code     2  startup_tm4c123.o(.text)
    I2C3_Handler                             0x000003b3   Thumb Code     2  startup_tm4c123.o(.text)
    TIMER4A_Handler                          0x000003b5   Thumb Code     2  startup_tm4c123.o(.text)
    TIMER4B_Handler                          0x000003b7   Thumb Code     2  startup_tm4c123.o(.text)
    TIMER5A_Handler                          0x000003b9   Thumb Code     2  startup_tm4c123.o(.text)
    TIMER5B_Handler                          0x000003bb   Thumb Code     2  startup_tm4c123.o(.text)
    WTIMER0A_Handler                         0x000003bd   Thumb Code     2  startup_tm4c123.o(.text)
    WTIMER0B_Handler                         0x000003bf   Thumb Code     2  startup_tm4c123.o(.text)
    WTIMER1A_Handler                         0x000003c1   Thumb Code     2  startup_tm4c123.o(.text)
    WTIMER1B_Handler                         0x000003c3   Thumb Code     2  startup_tm4c123.o(.text)
    WTIMER2A_Handler                         0x000003c5   Thumb Code     2  startup_tm4c123.o(.text)
    WTIMER2B_Handler                         0x000003c7   Thumb Code     2  startup_tm4c123.o(.text)
    WTIMER3A_Handler                         0x000003c9   Thumb Code     2  startup_tm4c123.o(.text)
    WTIMER3B_Handler                         0x000003cb   Thumb Code     2  startup_tm4c123.o(.text)
    WTIMER4A_Handler                         0x000003cd   Thumb Code     2  startup_tm4c123.o(.text)
    WTIMER4B_Handler                         0x000003cf   Thumb Code     2  startup_tm4c123.o(.text)
    WTIMER5A_Handler                         0x000003d1   Thumb Code     2  startup_tm4c123.o(.text)
    WTIMER5B_Handler                         0x000003d3   Thumb Code     2  startup_tm4c123.o(.text)
    FPU_Handler                              0x000003d5   Thumb Code     2  startup_tm4c123.o(.text)
    I2C4_Handler                             0x000003d7   Thumb Code     2  startup_tm4c123.o(.text)
    I2C5_Handler                             0x000003d9   Thumb Code     2  startup_tm4c123.o(.text)
    GPIOM_Handler                            0x000003db   Thumb Code     2  startup_tm4c123.o(.text)
    GPION_Handler                            0x000003dd   Thumb Code     2  startup_tm4c123.o(.text)
    QEI2_Handler                             0x000003df   Thumb Code     2  startup_tm4c123.o(.text)
    GPIOP0_Handler                           0x000003e1   Thumb Code     2  startup_tm4c123.o(.text)
    GPIOP1_Handler                           0x000003e3   Thumb Code     2  startup_tm4c123.o(.text)
    GPIOP2_Handler                           0x000003e5   Thumb Code     2  startup_tm4c123.o(.text)
    GPIOP3_Handler                           0x000003e7   Thumb Code     2  startup_tm4c123.o(.text)
    GPIOP4_Handler                           0x000003e9   Thumb Code     2  startup_tm4c123.o(.text)
    GPIOP5_Handler                           0x000003eb   Thumb Code     2  startup_tm4c123.o(.text)
    GPIOP6_Handler                           0x000003ed   Thumb Code     2  startup_tm4c123.o(.text)
    GPIOP7_Handler                           0x000003ef   Thumb Code     2  startup_tm4c123.o(.text)
    GPIOQ0_Handler                           0x000003f1   Thumb Code     2  startup_tm4c123.o(.text)
    GPIOQ1_Handler                           0x000003f3   Thumb Code     2  startup_tm4c123.o(.text)
    GPIOQ2_Handler                           0x000003f5   Thumb Code     2  startup_tm4c123.o(.text)
    GPIOQ3_Handler                           0x000003f7   Thumb Code     2  startup_tm4c123.o(.text)
    GPIOQ4_Handler                           0x000003f9   Thumb Code     2  startup_tm4c123.o(.text)
    GPIOQ5_Handler                           0x000003fb   Thumb Code     2  startup_tm4c123.o(.text)
    GPIOQ6_Handler                           0x000003fd   Thumb Code     2  startup_tm4c123.o(.text)
    GPIOQ7_Handler                           0x000003ff   Thumb Code     2  startup_tm4c123.o(.text)
    GPIOR_Handler                            0x00000401   Thumb Code     2  startup_tm4c123.o(.text)
    GPIOS_Handler                            0x00000403   Thumb Code     2  startup_tm4c123.o(.text)
    PMW1_0_Handler                           0x00000405   Thumb Code     2  startup_tm4c123.o(.text)
    PWM1_1_Handler                           0x00000407   Thumb Code     2  startup_tm4c123.o(.text)
    PWM1_2_Handler                           0x00000409   Thumb Code     2  startup_tm4c123.o(.text)
    PWM1_3_Handler                           0x0000040b   Thumb Code     2  startup_tm4c123.o(.text)
    PWM1_FAULT_Handler                       0x0000040d   Thumb Code     2  startup_tm4c123.o(.text)
    __user_initial_stackheap                 0x00000411   Thumb Code     0  startup_tm4c123.o(.text)
    __2printf                                0x00000431   Thumb Code    20  noretval__2printf.o(.text)
    atoi                                     0x00000449   Thumb Code    26  atoi.o(.text)
    __use_two_region_memory                  0x00000463   Thumb Code     2  heapauxi.o(.text)
    __rt_heap_escrow$2region                 0x00000465   Thumb Code     2  heapauxi.o(.text)
    __rt_heap_expand$2region                 0x00000467   Thumb Code     2  heapauxi.o(.text)
    __aeabi_errno_addr                       0x00000469   Thumb Code     8  rt_errno_addr_intlibspace.o(.text)
    __errno$intlibspace                      0x00000469   Thumb Code     0  rt_errno_addr_intlibspace.o(.text)
    __rt_errno_addr$intlibspace              0x00000469   Thumb Code     0  rt_errno_addr_intlibspace.o(.text)
    _printf_char_file                        0x00000471   Thumb Code    32  _printf_char_file.o(.text)
    strtol                                   0x00000495   Thumb Code   112  strtol.o(.text)
    __user_libspace                          0x00000505   Thumb Code     8  libspace.o(.text)
    __user_perproc_libspace                  0x00000505   Thumb Code     0  libspace.o(.text)
    __user_perthread_libspace                0x00000505   Thumb Code     0  libspace.o(.text)
    __rt_ctype_table                         0x0000050d   Thumb Code    16  rt_ctype_table.o(.text)
    _printf_char_common                      0x00000527   Thumb Code    32  _printf_char_common.o(.text)
    _strtoul                                 0x0000054d   Thumb Code   158  _strtoul.o(.text)
    ferror                                   0x000005eb   Thumb Code     8  ferror.o(.text)
    __user_setup_stackheap                   0x000005f3   Thumb Code    74  sys_stackheap_outer.o(.text)
    __rt_locale                              0x0000063d   Thumb Code     8  rt_locale_intlibspace.o(.text)
    __printf                                 0x00000645   Thumb Code    40  __printf_nopercent.o(.text)
    _chval                                   0x0000066d   Thumb Code    28  _chval.o(.text)
    exit                                     0x00000689   Thumb Code    18  exit.o(.text)
    strcmp                                   0x000006a1   Thumb Code   124  strcmpv7em.o(.text)
    _sys_exit                                0x0000071d   Thumb Code     8  sys_exit.o(.text)
    __I$use$semihosting                      0x00000729   Thumb Code     0  use_no_semi.o(.text)
    __use_no_semihosting_swi                 0x00000729   Thumb Code     2  use_no_semi.o(.text)
    __semihosting_library_function           0x0000072b   Thumb Code     0  indicate_semi.o(.text)
    BSPInit                                  0x0000072d   Thumb Code    12  bsp.o(.text.BSPInit)
    DisplayString                            0x00000739   Thumb Code   228  main.o(.text.DisplayString)
    GPIOF_Button_IRQHandler                  0x00000875   Thumb Code    58  main.o(.text.GPIOF_Button_IRQHandler)
    GPIOF_Handler                            0x000008b1   Thumb Code    18  irq.o(.text.GPIOF_Handler)
    HardFault_Handler                        0x000008c5   Thumb Code     4  bsp.o(.text.HardFault_Handler)
    IRQ_Init                                 0x000008c9   Thumb Code    34  irq.o(.text.IRQ_Init)
    Port_Init                                0x000008ed   Thumb Code   382  hal.o(.text.Port_Init)
    SetClock                                 0x00000a6d   Thumb Code   324  main.o(.text.SetClock)
    SysTick_Handler                          0x00000bb1   Thumb Code   128  main.o(.text.SysTick_Handler)
    SystemCoreClockUpdate                    0x00000c31   Thumb Code   178  system_tm4c123.o(.text.SystemCoreClockUpdate)
    SystemInit                               0x00000ce5   Thumb Code   224  system_tm4c123.o(.text.SystemInit)
    TIMER0A_Handler                          0x00000dc5   Thumb Code    16  irq.o(.text.TIMER0A_Handler)
    TIMER0A_IRQHandler                       0x00000dd5   Thumb Code    34  main.o(.text.TIMER0A_IRQHandler)
    UART_Init                                0x00000df9   Thumb Code   202  hal.o(.text.UART_Init)
    fputc                                    0x00000ee9   Thumb Code    14  retarget.o(.text.fputc)
    main                                     0x00000ef9   Thumb Code  1060  main.o(.text.main)
    read_ASCII_UART0                         0x0000133d   Thumb Code    14  hal.o(.text.read_ASCII_UART0)
    write_ASCII_UART0                        0x0000134d   Thumb Code    18  hal.o(.text.write_ASCII_UART0)
    _get_lc_ctype                            0x00001361   Thumb Code    44  lc_ctype_c.o(locale$$code)
    _fp_init                                 0x0000138d   Thumb Code    26  fpinit.o(x$fpl$fpinit)
    __fplib_config_fpu_vfp                   0x000013a5   Thumb Code     0  fpinit.o(x$fpl$fpinit)
    __fplib_config_pureend_doubles           0x000013a5   Thumb Code     0  fpinit.o(x$fpl$fpinit)
    Region$$Table$$Base                      0x00001414   Number         0  anon$$obj.o(Region$$Table)
    Region$$Table$$Limit                     0x00001434   Number         0  anon$$obj.o(Region$$Table)
    __ctype                                  0x00001441   Data           0  lc_ctype_c.o(locale$$data)
    SystemCoreClock                          0x20000000   Data           4  system_tm4c123.o(.data.SystemCoreClock)
    m                                        0x20000018   Data          10  main.o(.data.m)
    __libspace_start                         0x20000028   Data          96  libspace.o(.bss)
    __temporary_stack_top$libspace           0x20000088   Data           0  libspace.o(.bss)
    __stdout                                 0x200000a4   Data          84  retarget.o(.bss.__stdout)



==============================================================================

Memory Map of the image

  Image Entry point : 0x0000026d

  Load Region LR_IROM1 (Base: 0x00000000, Size: 0x00001570, Max: 0x00040000, ABSOLUTE)

    Execution Region ER_IROM1 (Exec base: 0x00000000, Load base: 0x00000000, Size: 0x00001544, Max: 0x00040000, ABSOLUTE)

    Exec Addr    Load Addr    Size         Type   Attr      Idx    E Section Name        Object

    0x00000000   0x00000000   0x0000026c   Data   RO          103    RESET               startup_tm4c123.o
    0x0000026c   0x0000026c   0x00000008   Code   RO          134  * !!!main             c_w.l(__main.o)
    0x00000274   0x00000274   0x00000034   Code   RO          332    !!!scatter          c_w.l(__scatter.o)
    0x000002a8   0x000002a8   0x0000001a   Code   RO          334    !!handler_copy      c_w.l(__scatter_copy.o)
    0x000002c2   0x000002c2   0x00000002   PAD
    0x000002c4   0x000002c4   0x0000001c   Code   RO          336    !!handler_zi        c_w.l(__scatter_zi.o)
    0x000002e0   0x000002e0   0x00000002   Code   RO          195    .ARM.Collect$$libinit$$00000000  c_w.l(libinit.o)
    0x000002e2   0x000002e2   0x00000004   Code   RO          200    .ARM.Collect$$libinit$$00000001  c_w.l(libinit2.o)
    0x000002e6   0x000002e6   0x00000000   Code   RO          203    .ARM.Collect$$libinit$$00000004  c_w.l(libinit2.o)
    0x000002e6   0x000002e6   0x00000000   Code   RO          205    .ARM.Collect$$libinit$$00000006  c_w.l(libinit2.o)
    0x000002e6   0x000002e6   0x00000000   Code   RO          208    .ARM.Collect$$libinit$$0000000C  c_w.l(libinit2.o)
    0x000002e6   0x000002e6   0x00000000   Code   RO          210    .ARM.Collect$$libinit$$0000000E  c_w.l(libinit2.o)
    0x000002e6   0x000002e6   0x00000000   Code   RO          212    .ARM.Collect$$libinit$$00000010  c_w.l(libinit2.o)
    0x000002e6   0x000002e6   0x00000006   Code   RO          213    .ARM.Collect$$libinit$$00000011  c_w.l(libinit2.o)
    0x000002ec   0x000002ec   0x00000000   Code   RO          215    .ARM.Collect$$libinit$$00000013  c_w.l(libinit2.o)
    0x000002ec   0x000002ec   0x0000000c   Code   RO          216    .ARM.Collect$$libinit$$00000014  c_w.l(libinit2.o)
    0x000002f8   0x000002f8   0x00000000   Code   RO          217    .ARM.Collect$$libinit$$00000015  c_w.l(libinit2.o)
    0x000002f8   0x000002f8   0x00000000   Code   RO          219    .ARM.Collect$$libinit$$00000017  c_w.l(libinit2.o)
    0x000002f8   0x000002f8   0x00000000   Code   RO          221    .ARM.Collect$$libinit$$00000019  c_w.l(libinit2.o)
    0x000002f8   0x000002f8   0x00000000   Code   RO          223    .ARM.Collect$$libinit$$0000001B  c_w.l(libinit2.o)
    0x000002f8   0x000002f8   0x00000000   Code   RO          225    .ARM.Collect$$libinit$$0000001D  c_w.l(libinit2.o)
    0x000002f8   0x000002f8   0x00000000   Code   RO          227    .ARM.Collect$$libinit$$0000001F  c_w.l(libinit2.o)
    0x000002f8   0x000002f8   0x00000000   Code   RO          229    .ARM.Collect$$libinit$$00000021  c_w.l(libinit2.o)
    0x000002f8   0x000002f8   0x00000000   Code   RO          231    .ARM.Collect$$libinit$$00000023  c_w.l(libinit2.o)
    0x000002f8   0x000002f8   0x00000000   Code   RO          233    .ARM.Collect$$libinit$$00000025  c_w.l(libinit2.o)
    0x000002f8   0x000002f8   0x00000000   Code   RO          235    .ARM.Collect$$libinit$$00000027  c_w.l(libinit2.o)
    0x000002f8   0x000002f8   0x00000000   Code   RO          239    .ARM.Collect$$libinit$$0000002E  c_w.l(libinit2.o)
    0x000002f8   0x000002f8   0x00000000   Code   RO          241    .ARM.Collect$$libinit$$00000030  c_w.l(libinit2.o)
    0x000002f8   0x000002f8   0x00000000   Code   RO          243    .ARM.Collect$$libinit$$00000032  c_w.l(libinit2.o)
    0x000002f8   0x000002f8   0x00000000   Code   RO          245    .ARM.Collect$$libinit$$00000034  c_w.l(libinit2.o)
    0x000002f8   0x000002f8   0x00000002   Code   RO          246    .ARM.Collect$$libinit$$00000035  c_w.l(libinit2.o)
    0x000002fa   0x000002fa   0x00000002   Code   RO          268    .ARM.Collect$$libshutdown$$00000000  c_w.l(libshutdown.o)
    0x000002fc   0x000002fc   0x00000000   Code   RO          283    .ARM.Collect$$libshutdown$$00000002  c_w.l(libshutdown2.o)
    0x000002fc   0x000002fc   0x00000000   Code   RO          285    .ARM.Collect$$libshutdown$$00000004  c_w.l(libshutdown2.o)
    0x000002fc   0x000002fc   0x00000000   Code   RO          288    .ARM.Collect$$libshutdown$$00000007  c_w.l(libshutdown2.o)
    0x000002fc   0x000002fc   0x00000000   Code   RO          291    .ARM.Collect$$libshutdown$$0000000A  c_w.l(libshutdown2.o)
    0x000002fc   0x000002fc   0x00000000   Code   RO          293    .ARM.Collect$$libshutdown$$0000000C  c_w.l(libshutdown2.o)
    0x000002fc   0x000002fc   0x00000000   Code   RO          296    .ARM.Collect$$libshutdown$$0000000F  c_w.l(libshutdown2.o)
    0x000002fc   0x000002fc   0x00000002   Code   RO          297    .ARM.Collect$$libshutdown$$00000010  c_w.l(libshutdown2.o)
    0x000002fe   0x000002fe   0x00000000   Code   RO          136    .ARM.Collect$$rtentry$$00000000  c_w.l(__rtentry.o)
    0x000002fe   0x000002fe   0x00000000   Code   RO          150    .ARM.Collect$$rtentry$$00000002  c_w.l(__rtentry2.o)
    0x000002fe   0x000002fe   0x00000006   Code   RO          162    .ARM.Collect$$rtentry$$00000004  c_w.l(__rtentry4.o)
    0x00000304   0x00000304   0x00000000   Code   RO          152    .ARM.Collect$$rtentry$$00000009  c_w.l(__rtentry2.o)
    0x00000304   0x00000304   0x00000004   Code   RO          153    .ARM.Collect$$rtentry$$0000000A  c_w.l(__rtentry2.o)
    0x00000308   0x00000308   0x00000000   Code   RO          155    .ARM.Collect$$rtentry$$0000000C  c_w.l(__rtentry2.o)
    0x00000308   0x00000308   0x00000008   Code   RO          156    .ARM.Collect$$rtentry$$0000000D  c_w.l(__rtentry2.o)
    0x00000310   0x00000310   0x00000002   Code   RO          196    .ARM.Collect$$rtexit$$00000000  c_w.l(rtexit.o)
    0x00000312   0x00000312   0x00000000   Code   RO          248    .ARM.Collect$$rtexit$$00000002  c_w.l(rtexit2.o)
    0x00000312   0x00000312   0x00000004   Code   RO          249    .ARM.Collect$$rtexit$$00000003  c_w.l(rtexit2.o)
    0x00000316   0x00000316   0x00000006   Code   RO          250    .ARM.Collect$$rtexit$$00000004  c_w.l(rtexit2.o)
    0x0000031c   0x0000031c   0x00000114   Code   RO          104    .text               startup_tm4c123.o
    0x00000430   0x00000430   0x00000018   Code   RO          128    .text               c_w.l(noretval__2printf.o)
    0x00000448   0x00000448   0x0000001a   Code   RO          130    .text               c_w.l(atoi.o)
    0x00000462   0x00000462   0x00000006   Code   RO          132    .text               c_w.l(heapauxi.o)
    0x00000468   0x00000468   0x00000008   Code   RO          140    .text               c_w.l(rt_errno_addr_intlibspace.o)
    0x00000470   0x00000470   0x00000024   Code   RO          142    .text               c_w.l(_printf_char_file.o)
    0x00000494   0x00000494   0x00000070   Code   RO          144    .text               c_w.l(strtol.o)
    0x00000504   0x00000504   0x00000008   Code   RO          146    .text               c_w.l(libspace.o)
    0x0000050c   0x0000050c   0x00000010   Code   RO          164    .text               c_w.l(rt_ctype_table.o)
    0x0000051c   0x0000051c   0x00000030   Code   RO          166    .text               c_w.l(_printf_char_common.o)
    0x0000054c   0x0000054c   0x0000009e   Code   RO          168    .text               c_w.l(_strtoul.o)
    0x000005ea   0x000005ea   0x00000008   Code   RO          170    .text               c_w.l(ferror.o)
    0x000005f2   0x000005f2   0x0000004a   Code   RO          174    .text               c_w.l(sys_stackheap_outer.o)
    0x0000063c   0x0000063c   0x00000008   Code   RO          179    .text               c_w.l(rt_locale_intlibspace.o)
    0x00000644   0x00000644   0x00000028   Code   RO          181    .text               c_w.l(__printf_nopercent.o)
    0x0000066c   0x0000066c   0x0000001c   Code   RO          183    .text               c_w.l(_chval.o)
    0x00000688   0x00000688   0x00000012   Code   RO          188    .text               c_w.l(exit.o)
    0x0000069a   0x0000069a   0x00000006   PAD
    0x000006a0   0x000006a0   0x0000007c   Code   RO          198    .text               c_w.l(strcmpv7em.o)
    0x0000071c   0x0000071c   0x0000000c   Code   RO          258    .text               c_w.l(sys_exit.o)
    0x00000728   0x00000728   0x00000002   Code   RO          273    .text               c_w.l(use_no_semi.o)
    0x0000072a   0x0000072a   0x00000000   Code   RO          275    .text               c_w.l(indicate_semi.o)
    0x0000072a   0x0000072a   0x00000002   PAD
    0x0000072c   0x0000072c   0x0000000c   Code   RO           50    .text.BSPInit       bsp.o
    0x00000738   0x00000738   0x0000013c   Code   RO            4    .text.DisplayString  main.o
    0x00000874   0x00000874   0x0000003a   Code   RO           10    .text.GPIOF_Button_IRQHandler  main.o
    0x000008ae   0x000008ae   0x00000002   PAD
    0x000008b0   0x000008b0   0x00000012   Code   RO           82    .text.GPIOF_Handler  irq.o
    0x000008c2   0x000008c2   0x00000002   PAD
    0x000008c4   0x000008c4   0x00000004   Code   RO           52    .text.HardFault_Handler  bsp.o
    0x000008c8   0x000008c8   0x00000022   Code   RO           78    .text.IRQ_Init      irq.o
    0x000008ea   0x000008ea   0x00000002   PAD
    0x000008ec   0x000008ec   0x0000017e   Code   RO           63    .text.Port_Init     hal.o
    0x00000a6a   0x00000a6a   0x00000002   PAD
    0x00000a6c   0x00000a6c   0x00000144   Code   RO            8    .text.SetClock      main.o
    0x00000bb0   0x00000bb0   0x00000080   Code   RO            6    .text.SysTick_Handler  main.o
    0x00000c30   0x00000c30   0x000000b2   Code   RO          111    .text.SystemCoreClockUpdate  system_tm4c123.o
    0x00000ce2   0x00000ce2   0x00000002   PAD
    0x00000ce4   0x00000ce4   0x000000e0   Code   RO          113    .text.SystemInit    system_tm4c123.o
    0x00000dc4   0x00000dc4   0x00000010   Code   RO           80    .text.TIMER0A_Handler  irq.o
    0x00000dd4   0x00000dd4   0x00000022   Code   RO           12    .text.TIMER0A_IRQHandler  main.o
    0x00000df6   0x00000df6   0x00000002   PAD
    0x00000df8   0x00000df8   0x000000ca   Code   RO           65    .text.UART_Init     hal.o
    0x00000ec2   0x00000ec2   0x00000002   PAD
    0x00000ec4   0x00000ec4   0x00000024   Code   RO           54    .text.__NVIC_SystemReset  bsp.o
    0x00000ee8   0x00000ee8   0x0000000e   Code   RO           92    .text.fputc         retarget.o
    0x00000ef6   0x00000ef6   0x00000002   PAD
    0x00000ef8   0x00000ef8   0x00000444   Code   RO            2    .text.main          main.o
    0x0000133c   0x0000133c   0x0000000e   Code   RO           69    .text.read_ASCII_UART0  hal.o
    0x0000134a   0x0000134a   0x00000002   PAD
    0x0000134c   0x0000134c   0x00000012   Code   RO           67    .text.write_ASCII_UART0  hal.o
    0x0000135e   0x0000135e   0x00000002   PAD
    0x00001360   0x00001360   0x0000002c   Code   RO          186    locale$$code        c_w.l(lc_ctype_c.o)
    0x0000138c   0x0000138c   0x0000001a   Code   RO          256    x$fpl$fpinit        fz_wm.l(fpinit.o)
    0x000013a6   0x000013a6   0x00000002   PAD
    0x000013a8   0x000013a8   0x0000006c   Data   RO          116    .rodata.XTAL_NO_PLL  system_tm4c123.o
    0x00001414   0x00001414   0x00000020   Data   RO          331    Region$$Table       anon$$obj.o
    0x00001434   0x00001434   0x00000110   Data   RO          185    locale$$data        c_w.l(lc_ctype_c.o)


    Execution Region RW_IRAM1 (Exec base: 0x20000000, Load base: 0x00001548, Size: 0x00000420, Max: 0x00008000, ABSOLUTE)

    Exec Addr    Load Addr    Size         Type   Attr      Idx    E Section Name        Object

    0x20000000   0x00001548   0x00000004   Data   RW          115    .data.SystemCoreClock  system_tm4c123.o
    0x20000004   0x0000154c   0x00000004   Data   RW           26    .data.command       main.o
    0x20000008   0x00001550   0x00000001   Data   RW           30    .data.commandCode   main.o
    0x20000009   0x00001551   0x00000001   Data   RW           28    .data.commandID     main.o
    0x2000000a   0x00001552   0x00000002   PAD
    0x2000000c   0x00001554   0x00000004   Data   RW           27    .data.commandType   main.o
    0x20000010   0x00001558   0x00000004   Data   RW           24    .data.dataSent      main.o
    0x20000014   0x0000155c   0x00000004   Data   RW           25    .data.dataStart     main.o
    0x20000018   0x00001560   0x0000000a   Data   RW           14    .data.m             main.o
    0x20000022   0x0000156a   0x00000002   PAD
    0x20000024   0x0000156c   0x00000004   Data   RW           22    .data.toggleDot     main.o
    0x20000028        -       0x00000060   Zero   RW          147    .bss                c_w.l(libspace.o)
    0x20000088        -       0x00000006   Zero   RW           33    .bss.Arr            main.o
    0x2000008e   0x00001570   0x00000002   PAD
    0x20000090        -       0x00000004   Zero   RW           21    .bss.Hours          main.o
    0x20000094        -       0x00000004   Zero   RW           23    .bss.Interrupt      main.o
    0x20000098        -       0x00000004   Zero   RW           20    .bss.Minutes        main.o
    0x2000009c        -       0x00000004   Zero   RW           18    .bss.Seconds        main.o
    0x200000a0        -       0x00000004   Zero   RW           37    .bss.SysTick_Handler.nCount  main.o
    0x200000a4        -       0x00000054   Zero   RW           94    .bss.__stdout       retarget.o
    0x200000f8        -       0x00000001   Zero   RW           31    .bss.address        main.o
    0x200000f9        -       0x00000001   Zero   RW           16    .bss.g_UART_CharRx  main.o
    0x200000fa   0x00001570   0x00000002   PAD
    0x200000fc        -       0x00000004   Zero   RW           34    .bss.g_bSW1         main.o
    0x20000100        -       0x00000004   Zero   RW           35    .bss.g_bSW2         main.o
    0x20000104        -       0x00000004   Zero   RW           15    .bss.g_bSystemTick  main.o
    0x20000108        -       0x00000002   Zero   RW           19    .bss.g_nBuzzer      main.o
    0x2000010a        -       0x00000002   Zero   RW           38    .bss.g_nSW2         main.o
    0x2000010c        -       0x00000004   Zero   RW           32    .bss.i              main.o
    0x20000110        -       0x00000004   Zero   RW           29    .bss.index          main.o
    0x20000114        -       0x000000ff   Zero   RW           39    .bss.s              main.o
    0x20000213   0x00001570   0x00000001   PAD
    0x20000214        -       0x00000004   Zero   RW           40    .bss.s_index        main.o
    0x20000218        -       0x00000004   Zero   RW           17    .bss.secondsTick    main.o
    0x2000021c        -       0x00000004   Zero   RW           36    .bss.sw1Pressed     main.o
    0x20000220        -       0x00000000   Zero   RW          102    HEAP                startup_tm4c123.o
    0x20000220        -       0x00000200   Zero   RW          101    STACK               startup_tm4c123.o


==============================================================================

Image component sizes


      Code (inc. data)   RO Data    RW Data    ZI Data      Debug   Object Name

        52          0          0          0          0       1490   bsp.o
       616          0          0          0          0       7037   hal.o
        68          0          0          0          0       5126   irq.o
      1952        120          0         32        319       9081   main.o
        14          0          0          0         84        941   retarget.o
       276         24        620          0        512       5512   startup_tm4c123.o
       402          0        108          4          0       6180   system_tm4c123.o

    ----------------------------------------------------------------------
      3400        144        760         40        920      35367   Object Totals
         0          0         32          0          0          0   (incl. Generated)
        20          0          0          4          5          0   (incl. Padding)

    ----------------------------------------------------------------------

      Code (inc. data)   RO Data    RW Data    ZI Data      Debug   Library Member Name

         8          0          0          0          0         68   __main.o
        40          0          0          0          0         84   __printf_nopercent.o
         0          0          0          0          0          0   __rtentry.o
        12          0          0          0          0          0   __rtentry2.o
         6          0          0          0          0          0   __rtentry4.o
        52          8          0          0          0          0   __scatter.o
        26          0          0          0          0          0   __scatter_copy.o
        28          0          0          0          0          0   __scatter_zi.o
        28          0          0          0          0         68   _chval.o
        48          6          0          0          0         96   _printf_char_common.o
        36          4          0          0          0         80   _printf_char_file.o
       158          0          0          0          0         92   _strtoul.o
        26          0          0          0          0         80   atoi.o
        18          0          0          0          0         80   exit.o
         8          0          0          0          0         68   ferror.o
         6          0          0          0          0        152   heapauxi.o
         0          0          0          0          0          0   indicate_semi.o
        44         10        272          0          0         76   lc_ctype_c.o
         2          0          0          0          0          0   libinit.o
        24          0          0          0          0          0   libinit2.o
         2          0          0          0          0          0   libshutdown.o
         2          0          0          0          0          0   libshutdown2.o
         8          4          0          0         96         68   libspace.o
        24          4          0          0          0         84   noretval__2printf.o
        16          4          0          0          0         76   rt_ctype_table.o
         8          4          0          0          0         68   rt_errno_addr_intlibspace.o
         8          4          0          0          0         68   rt_locale_intlibspace.o
         2          0          0          0          0          0   rtexit.o
        10          0          0          0          0          0   rtexit2.o
       124          0          0          0          0         88   strcmpv7em.o
       112          0          0          0          0         88   strtol.o
        12          4          0          0          0         68   sys_exit.o
        74          0          0          0          0         80   sys_stackheap_outer.o
         2          0          0          0          0         68   use_no_semi.o
        26          0          0          0          0        116   fpinit.o

    ----------------------------------------------------------------------
      1012         52        272          0         96       1816   Library Totals
        12          0          0          0          0          0   (incl. Padding)

    ----------------------------------------------------------------------

      Code (inc. data)   RO Data    RW Data    ZI Data      Debug   Library Name

       974         52        272          0         96       1700   c_w.l
        26          0          0          0          0        116   fz_wm.l

    ----------------------------------------------------------------------
      1012         52        272          0         96       1816   Library Totals

    ----------------------------------------------------------------------

==============================================================================


      Code (inc. data)   RO Data    RW Data    ZI Data      Debug   

      4412        196       1032         40       1016      36199   Grand Totals
      4412        196       1032         40       1016      36199   ELF Image Totals
      4412        196       1032         40          0          0   ROM Totals

==============================================================================

    Total RO  Size (Code + RO Data)                 5444 (   5.32kB)
    Total RW  Size (RW Data + ZI Data)              1056 (   1.03kB)
    Total ROM Size (Code + RO Data + RW Data)       5484 (   5.36kB)

==============================================================================

